Component: ARM Compiler 5.06 update 6 (build 750) Tool: armlink [4d35ed]

==============================================================================

Section Cross References

    lpc2300.o(STACK) refers (Special) to heapauxi.o(.text) for __use_two_region_memory
    lpc2300.o(HEAP) refers (Special) to heapauxi.o(.text) for __use_two_region_memory
    lpc2300.o(RESET) refers (Special) to heapauxi.o(.text) for __use_two_region_memory
    lpc2300.o(RESET) refers to lpc2300.o(STACK) for Stack_Top
    lpc2300.o(RESET) refers to __main.o(!!!main) for __main
    lpc2300.o(.text) refers (Special) to heapauxi.o(.text) for __use_two_region_memory
    lpc2300.o(.text) refers to lpc2300.o(HEAP) for Heap_Mem
    lpc2300.o(.text) refers to lpc2300.o(STACK) for Stack_Mem
    retarget.o(i._sys_exit) refers (Special) to use_no_semi.o(.text) for __use_no_semihosting_swi
    retarget.o(i._ttywrch) refers (Special) to use_no_semi.o(.text) for __use_no_semihosting_swi
    retarget.o(i._ttywrch) refers to serial.o(i.sendchar) for sendchar
    retarget.o(i.ferror) refers (Special) to use_no_semi.o(.text) for __use_no_semihosting_swi
    retarget.o(i.fputc) refers (Special) to use_no_semi.o(.text) for __use_no_semihosting_swi
    retarget.o(i.fputc) refers to serial.o(i.sendchar) for sendchar
    retarget.o(.data) refers (Special) to use_no_semi.o(.text) for __use_no_semihosting_swi
    practica1.o(i.main) refers to serial.o(i.init_serial) for init_serial
    practica1.o(i.main) refers to noretval__2printf.o(.text) for __2printf
    __2printf.o(.text) refers to _printf_char_file.o(.text) for _printf_char_file
    __2printf.o(.text) refers to retarget.o(.data) for __stdout
    noretval__2printf.o(.text) refers to _printf_char_file.o(.text) for _printf_char_file
    noretval__2printf.o(.text) refers to retarget.o(.data) for __stdout
    __main.o(!!!main) refers to __rtentry.o(.ARM.Collect$$rtentry$$00000000) for __rt_entry
    __rtentry.o(.ARM.Collect$$rtentry$$00000000) refers (Special) to __rtentry2.o(.ARM.Collect$$rtentry$$0000000A) for __rt_entry_li
    __rtentry.o(.ARM.Collect$$rtentry$$00000000) refers (Special) to __rtentry2.o(.ARM.Collect$$rtentry$$0000000D) for __rt_entry_main
    __rtentry.o(.ARM.Collect$$rtentry$$00000000) refers (Special) to __rtentry2.o(.ARM.Collect$$rtentry$$0000000C) for __rt_entry_postli_1
    __rtentry.o(.ARM.Collect$$rtentry$$00000000) refers (Special) to __rtentry2.o(.ARM.Collect$$rtentry$$00000009) for __rt_entry_postsh_1
    __rtentry.o(.ARM.Collect$$rtentry$$00000000) refers (Special) to __rtentry2.o(.ARM.Collect$$rtentry$$00000002) for __rt_entry_presh_1
    __rtentry.o(.ARM.Collect$$rtentry$$00000000) refers (Special) to __rtentry4.o(.ARM.Collect$$rtentry$$00000004) for __rt_entry_sh
    _printf_char_file.o(.text) refers to _printf_char_common.o(.text) for _printf_char_common
    _printf_char_file.o(.text) refers to retarget.o(i.ferror) for ferror
    _printf_char_file.o(.text) refers to retarget.o(i.fputc) for fputc
    __rtentry2.o(.ARM.Collect$$rtentry$$00000008) refers to boardinit2.o(.text) for _platform_post_stackheap_init
    __rtentry2.o(.ARM.Collect$$rtentry$$0000000A) refers to libinit.o(.ARM.Collect$$libinit$$00000000) for __rt_lib_init
    __rtentry2.o(.ARM.Collect$$rtentry$$0000000B) refers to boardinit3.o(.text) for _platform_post_lib_init
    __rtentry2.o(.ARM.Collect$$rtentry$$0000000D) refers to exit.o(.text) for exit
    __rtentry2.o(.ARM.Collect$$rtentry$$0000000D) refers to practica1.o(i.main) for main
    __rtentry2.o(.ARM.exidx) refers to __rtentry2.o(.ARM.Collect$$rtentry$$00000001) for .ARM.Collect$$rtentry$$00000001
    __rtentry2.o(.ARM.exidx) refers to __rtentry2.o(.ARM.Collect$$rtentry$$00000008) for .ARM.Collect$$rtentry$$00000008
    __rtentry2.o(.ARM.exidx) refers to __rtentry2.o(.ARM.Collect$$rtentry$$0000000A) for .ARM.Collect$$rtentry$$0000000A
    __rtentry2.o(.ARM.exidx) refers to __rtentry2.o(.ARM.Collect$$rtentry$$0000000B) for .ARM.Collect$$rtentry$$0000000B
    __rtentry2.o(.ARM.exidx) refers to __rtentry2.o(.ARM.Collect$$rtentry$$0000000D) for .ARM.Collect$$rtentry$$0000000D
    __rtentry4.o(.ARM.Collect$$rtentry$$00000004) refers to sys_stackheap_outer.o(.text) for __user_setup_stackheap
    __rtentry4.o(.ARM.exidx) refers to __rtentry4.o(.ARM.Collect$$rtentry$$00000004) for .ARM.Collect$$rtentry$$00000004
    _printf_char_common.o(.text) refers to __printf_nopercent.o(.text) for __printf
    sys_stackheap_outer.o(.text) refers to libspace.o(.text) for __user_perproc_libspace
    sys_stackheap_outer.o(.text) refers to lpc2300.o(.text) for __user_initial_stackheap
    __printf_nopercent.o(.text) refers to __printf_nopercent.o(i.__ARM_common_call_via_r7) for __ARM_common_call_via_r7
    __printf_nopercent.o(.text) refers to __printf_nopercent.o(i.__ARM_common_call_via_r5) for __ARM_common_call_via_r5
    exit.o(.text) refers to rtexit.o(.ARM.Collect$$rtexit$$00000000) for __rt_exit
    libinit.o(.ARM.Collect$$libinit$$00000000) refers (Special) to libinit2.o(.ARM.Collect$$libinit$$0000002E) for __rt_lib_init_alloca_1
    libinit.o(.ARM.Collect$$libinit$$00000000) refers (Special) to libinit2.o(.ARM.Collect$$libinit$$0000002C) for __rt_lib_init_argv_1
    libinit.o(.ARM.Collect$$libinit$$00000000) refers (Special) to libinit2.o(.ARM.Collect$$libinit$$0000001B) for __rt_lib_init_atexit_1
    libinit.o(.ARM.Collect$$libinit$$00000000) refers (Special) to libinit2.o(.ARM.Collect$$libinit$$00000021) for __rt_lib_init_clock_1
    libinit.o(.ARM.Collect$$libinit$$00000000) refers (Special) to libinit2.o(.ARM.Collect$$libinit$$00000032) for __rt_lib_init_cpp_1
    libinit.o(.ARM.Collect$$libinit$$00000000) refers (Special) to libinit2.o(.ARM.Collect$$libinit$$00000030) for __rt_lib_init_exceptions_1
    libinit.o(.ARM.Collect$$libinit$$00000000) refers (Special) to libinit2.o(.ARM.Collect$$libinit$$00000002) for __rt_lib_init_fp_1
    libinit.o(.ARM.Collect$$libinit$$00000000) refers (Special) to libinit2.o(.ARM.Collect$$libinit$$0000001F) for __rt_lib_init_fp_trap_1
    libinit.o(.ARM.Collect$$libinit$$00000000) refers (Special) to libinit2.o(.ARM.Collect$$libinit$$00000023) for __rt_lib_init_getenv_1
    libinit.o(.ARM.Collect$$libinit$$00000000) refers (Special) to libinit2.o(.ARM.Collect$$libinit$$0000000A) for __rt_lib_init_heap_1
    libinit.o(.ARM.Collect$$libinit$$00000000) refers (Special) to libinit2.o(.ARM.Collect$$libinit$$00000011) for __rt_lib_init_lc_collate_1
    libinit.o(.ARM.Collect$$libinit$$00000000) refers (Special) to libinit2.o(.ARM.Collect$$libinit$$00000013) for __rt_lib_init_lc_ctype_1
    libinit.o(.ARM.Collect$$libinit$$00000000) refers (Special) to libinit2.o(.ARM.Collect$$libinit$$00000015) for __rt_lib_init_lc_monetary_1
    libinit.o(.ARM.Collect$$libinit$$00000000) refers (Special) to libinit2.o(.ARM.Collect$$libinit$$00000017) for __rt_lib_init_lc_numeric_1
    libinit.o(.ARM.Collect$$libinit$$00000000) refers (Special) to libinit2.o(.ARM.Collect$$libinit$$00000019) for __rt_lib_init_lc_time_1
    libinit.o(.ARM.Collect$$libinit$$00000000) refers (Special) to libinit2.o(.ARM.Collect$$libinit$$00000004) for __rt_lib_init_preinit_1
    libinit.o(.ARM.Collect$$libinit$$00000000) refers (Special) to libinit2.o(.ARM.Collect$$libinit$$0000000E) for __rt_lib_init_rand_1
    libinit.o(.ARM.Collect$$libinit$$00000000) refers (Special) to libinit2.o(.ARM.Collect$$libinit$$00000033) for __rt_lib_init_return
    libinit.o(.ARM.Collect$$libinit$$00000000) refers (Special) to libinit2.o(.ARM.Collect$$libinit$$0000001D) for __rt_lib_init_signal_1
    libinit.o(.ARM.Collect$$libinit$$00000000) refers (Special) to libinit2.o(.ARM.Collect$$libinit$$00000025) for __rt_lib_init_stdio_1
    libinit.o(.ARM.Collect$$libinit$$00000000) refers (Special) to libinit2.o(.ARM.Collect$$libinit$$0000000C) for __rt_lib_init_user_alloc_1
    libspace.o(.text) refers to libspace.o(.bss) for __libspace_start
    rtexit.o(.ARM.Collect$$rtexit$$00000000) refers (Special) to rtexit2.o(.ARM.Collect$$rtexit$$00000004) for __rt_exit_exit
    rtexit.o(.ARM.Collect$$rtexit$$00000000) refers (Special) to rtexit2.o(.ARM.Collect$$rtexit$$00000003) for __rt_exit_ls
    rtexit.o(.ARM.Collect$$rtexit$$00000000) refers (Special) to rtexit2.o(.ARM.Collect$$rtexit$$00000002) for __rt_exit_prels_1
    rtexit.o(.ARM.exidx) refers (Special) to rtexit2.o(.ARM.Collect$$rtexit$$00000004) for __rt_exit_exit
    rtexit.o(.ARM.exidx) refers (Special) to rtexit2.o(.ARM.Collect$$rtexit$$00000003) for __rt_exit_ls
    rtexit.o(.ARM.exidx) refers (Special) to rtexit2.o(.ARM.Collect$$rtexit$$00000002) for __rt_exit_prels_1
    rtexit.o(.ARM.exidx) refers to rtexit.o(.ARM.Collect$$rtexit$$00000000) for .ARM.Collect$$rtexit$$00000000
    libinit2.o(.ARM.Collect$$libinit$$00000001) refers to fpinit.o(x$fpl$fpinit) for _fp_init
    libinit2.o(.ARM.Collect$$libinit$$00000010) refers to libinit2.o(.ARM.Collect$$libinit$$0000000F) for .ARM.Collect$$libinit$$0000000F
    libinit2.o(.ARM.Collect$$libinit$$00000012) refers to libinit2.o(.ARM.Collect$$libinit$$0000000F) for .ARM.Collect$$libinit$$0000000F
    libinit2.o(.ARM.Collect$$libinit$$00000014) refers to libinit2.o(.ARM.Collect$$libinit$$0000000F) for .ARM.Collect$$libinit$$0000000F
    libinit2.o(.ARM.Collect$$libinit$$00000016) refers to libinit2.o(.ARM.Collect$$libinit$$0000000F) for .ARM.Collect$$libinit$$0000000F
    libinit2.o(.ARM.Collect$$libinit$$00000018) refers to libinit2.o(.ARM.Collect$$libinit$$0000000F) for .ARM.Collect$$libinit$$0000000F
    libinit2.o(.ARM.Collect$$libinit$$00000026) refers to argv_veneer.o(.emb_text) for __ARM_argv_veneer
    libinit2.o(.ARM.Collect$$libinit$$00000027) refers to argv_veneer.o(.emb_text) for __ARM_argv_veneer
    rtexit2.o(.ARM.Collect$$rtexit$$00000003) refers to libshutdown.o(.ARM.Collect$$libshutdown$$00000000) for __rt_lib_shutdown
    rtexit2.o(.ARM.Collect$$rtexit$$00000004) refers to retarget.o(i._sys_exit) for _sys_exit
    rtexit2.o(.ARM.exidx) refers to rtexit2.o(.ARM.Collect$$rtexit$$00000001) for .ARM.Collect$$rtexit$$00000001
    rtexit2.o(.ARM.exidx) refers to rtexit2.o(.ARM.Collect$$rtexit$$00000003) for .ARM.Collect$$rtexit$$00000003
    rtexit2.o(.ARM.exidx) refers to rtexit2.o(.ARM.Collect$$rtexit$$00000004) for .ARM.Collect$$rtexit$$00000004
    argv_veneer.o(.emb_text) refers to no_argv.o(.text) for __ARM_get_argv
    _get_argv_nomalloc.o(.text) refers (Special) to hrguard.o(.text) for __heap_region$guard
    _get_argv_nomalloc.o(.text) refers to defsig_rtmem_outer.o(.text) for __rt_SIGRTMEM
    _get_argv_nomalloc.o(.text) refers to sys_command.o(.text) for _sys_command_string
    libshutdown.o(.ARM.Collect$$libshutdown$$00000000) refers (Special) to libshutdown2.o(.ARM.Collect$$libshutdown$$00000002) for __rt_lib_shutdown_cpp_1
    libshutdown.o(.ARM.Collect$$libshutdown$$00000000) refers (Special) to libshutdown2.o(.ARM.Collect$$libshutdown$$00000007) for __rt_lib_shutdown_fp_trap_1
    libshutdown.o(.ARM.Collect$$libshutdown$$00000000) refers (Special) to libshutdown2.o(.ARM.Collect$$libshutdown$$0000000F) for __rt_lib_shutdown_heap_1
    libshutdown.o(.ARM.Collect$$libshutdown$$00000000) refers (Special) to libshutdown2.o(.ARM.Collect$$libshutdown$$00000010) for __rt_lib_shutdown_return
    libshutdown.o(.ARM.Collect$$libshutdown$$00000000) refers (Special) to libshutdown2.o(.ARM.Collect$$libshutdown$$0000000A) for __rt_lib_shutdown_signal_1
    libshutdown.o(.ARM.Collect$$libshutdown$$00000000) refers (Special) to libshutdown2.o(.ARM.Collect$$libshutdown$$00000004) for __rt_lib_shutdown_stdio_1
    libshutdown.o(.ARM.Collect$$libshutdown$$00000000) refers (Special) to libshutdown2.o(.ARM.Collect$$libshutdown$$0000000C) for __rt_lib_shutdown_user_alloc_1
    sys_command.o(.text) refers (Special) to use_no_semi.o(.text) for __I$use$semihosting
    sys_command.o(.text) refers (Special) to indicate_semi.o(.text) for __semihosting_library_function
    defsig_rtmem_outer.o(.text) refers to defsig_rtmem_inner.o(.text) for __rt_SIGRTMEM_inner
    defsig_rtmem_outer.o(.text) refers to defsig_exit.o(.text) for __sig_exit
    defsig_rtmem_formal.o(.text) refers to rt_raise.o(.text) for __rt_raise
    rt_raise.o(.text) refers to __raise.o(.text) for __raise
    rt_raise.o(.text) refers to retarget.o(i._sys_exit) for _sys_exit
    defsig_exit.o(.text) refers to retarget.o(i._sys_exit) for _sys_exit
    defsig_rtmem_inner.o(.text) refers to defsig_general.o(.text) for __default_signal_display
    __raise.o(.text) refers to __raise.o(i.__ARM_common_call_via_r2) for __ARM_common_call_via_r2
    __raise.o(.text) refers to defsig.o(CL$$defsig) for __default_signal_handler
    defsig_general.o(.text) refers to retarget.o(i._ttywrch) for _ttywrch
    defsig.o(CL$$defsig) refers to defsig_rtmem_inner.o(.text) for __rt_SIGRTMEM_inner
    defsig_abrt_inner.o(.text) refers to defsig_general.o(.text) for __default_signal_display
    defsig_fpe_inner.o(.text) refers to defsig_general.o(.text) for __default_signal_display
    defsig_rtred_inner.o(.text) refers to defsig_general.o(.text) for __default_signal_display
    defsig_stak_inner.o(.text) refers to defsig_general.o(.text) for __default_signal_display
    defsig_pvfn_inner.o(.text) refers to defsig_general.o(.text) for __default_signal_display
    defsig_cppl_inner.o(.text) refers to defsig_general.o(.text) for __default_signal_display
    defsig_segv_inner.o(.text) refers to defsig_general.o(.text) for __default_signal_display
    defsig_other.o(.text) refers to defsig_general.o(.text) for __default_signal_display


==============================================================================

Removing Unused input sections from the image.

    Removing lpc2300.o(RESET), (564 bytes).
    Removing retarget.o(i._ttywrch), (24 bytes).
    Removing serial.o(i.getkey), (40 bytes).

3 unused section(s) (total 628 bytes) removed from the image.

==============================================================================

Adding Veneers to the image

    Adding AT veneer (8 bytes, Inline) for call to '__rt_lib_init' from __rtentry2.o(.ARM.Collect$$rtentry$$0000000A).
    Adding AT veneer (8 bytes, Inline) for call to '__rt_lib_shutdown' from rtexit2.o(.ARM.Collect$$rtexit$$00000003).
    Adding TA veneer (4 bytes, Inline) for call to '__rt_exit' from exit.o(.text).
    Adding AT veneer (8 bytes, Inline) for call to '__2printf' from practica1.o(i.main).
    Adding TA veneer (4 bytes, Inline) for call to 'ferror' from _printf_char_file.o(.text).

5 Veneer(s) (total 32 bytes) added to the image.

==============================================================================

Image Symbol Table

    Local Symbols

    Symbol Name                              Value     Ov Type        Size  Object(Section)

    !!!main                                  0x00000000   Section        8  __main.o(!!!main)
    ../clib/angel/boardlib.s                 0x00000000   Number         0  boardshut.o ABSOLUTE
    ../clib/angel/boardlib.s                 0x00000000   Number         0  boardinit2.o ABSOLUTE
    ../clib/angel/boardlib.s                 0x00000000   Number         0  boardinit1.o ABSOLUTE
    ../clib/angel/boardlib.s                 0x00000000   Number         0  boardinit3.o ABSOLUTE
    ../clib/angel/handlers.s                 0x00000000   Number         0  __scatter_copy.o ABSOLUTE
    ../clib/angel/handlers.s                 0x00000000   Number         0  __scatter_zi.o ABSOLUTE
    ../clib/angel/kernel.s                   0x00000000   Number         0  __rtentry4.o ABSOLUTE
    ../clib/angel/kernel.s                   0x00000000   Number         0  rtexit.o ABSOLUTE
    ../clib/angel/kernel.s                   0x00000000   Number         0  __rtentry2.o ABSOLUTE
    ../clib/angel/kernel.s                   0x00000000   Number         0  __rtentry.o ABSOLUTE
    ../clib/angel/kernel.s                   0x00000000   Number         0  rtexit2.o ABSOLUTE
    ../clib/angel/rt.s                       0x00000000   Number         0  rt_raise.o ABSOLUTE
    ../clib/angel/scatter.s                  0x00000000   Number         0  __scatter.o ABSOLUTE
    ../clib/angel/startup.s                  0x00000000   Number         0  __main.o ABSOLUTE
    ../clib/angel/sys.s                      0x00000000   Number         0  indicate_semi.o ABSOLUTE
    ../clib/angel/sys.s                      0x00000000   Number         0  libspace.o ABSOLUTE
    ../clib/angel/sys.s                      0x00000000   Number         0  sys_stackheap_outer.o ABSOLUTE
    ../clib/angel/sys.s                      0x00000000   Number         0  use_no_semi.o ABSOLUTE
    ../clib/angel/sysapp.c                   0x00000000   Number         0  sys_command.o ABSOLUTE
    ../clib/armsys.c                         0x00000000   Number         0  no_argv.o ABSOLUTE
    ../clib/armsys.c                         0x00000000   Number         0  _get_argv_nomalloc.o ABSOLUTE
    ../clib/armsys.c                         0x00000000   Number         0  argv_veneer.o ABSOLUTE
    ../clib/armsys.c                         0x00000000   Number         0  argv_veneer.o ABSOLUTE
    ../clib/heapalloc.c                      0x00000000   Number         0  hrguard.o ABSOLUTE
    ../clib/heapaux.c                        0x00000000   Number         0  heapauxi.o ABSOLUTE
    ../clib/libinit.s                        0x00000000   Number         0  libinit.o ABSOLUTE
    ../clib/libinit.s                        0x00000000   Number         0  libshutdown2.o ABSOLUTE
    ../clib/libinit.s                        0x00000000   Number         0  libinit2.o ABSOLUTE
    ../clib/libinit.s                        0x00000000   Number         0  libshutdown.o ABSOLUTE
    ../clib/printf.c                         0x00000000   Number         0  _printf_char_file.o ABSOLUTE
    ../clib/printf.c                         0x00000000   Number         0  _printf_char_common.o ABSOLUTE
    ../clib/printf.c                         0x00000000   Number         0  __printf_nopercent.o ABSOLUTE
    ../clib/printf.c                         0x00000000   Number         0  __2printf.o ABSOLUTE
    ../clib/printf.c                         0x00000000   Number         0  noretval__2printf.o ABSOLUTE
    ../clib/signal.c                         0x00000000   Number         0  defsig_rtred_inner.o ABSOLUTE
    ../clib/signal.c                         0x00000000   Number         0  defsig_fpe_inner.o ABSOLUTE
    ../clib/signal.c                         0x00000000   Number         0  defsig_abrt_inner.o ABSOLUTE
    ../clib/signal.c                         0x00000000   Number         0  __raise.o ABSOLUTE
    ../clib/signal.c                         0x00000000   Number         0  defsig_pvfn_inner.o ABSOLUTE
    ../clib/signal.c                         0x00000000   Number         0  defsig_cppl_inner.o ABSOLUTE
    ../clib/signal.c                         0x00000000   Number         0  defsig_rtmem_formal.o ABSOLUTE
    ../clib/signal.c                         0x00000000   Number         0  defsig_segv_inner.o ABSOLUTE
    ../clib/signal.c                         0x00000000   Number         0  defsig_rtmem_outer.o ABSOLUTE
    ../clib/signal.c                         0x00000000   Number         0  defsig_exit.o ABSOLUTE
    ../clib/signal.c                         0x00000000   Number         0  defsig_rtmem_inner.o ABSOLUTE
    ../clib/signal.c                         0x00000000   Number         0  defsig_general.o ABSOLUTE
    ../clib/signal.c                         0x00000000   Number         0  defsig_other.o ABSOLUTE
    ../clib/signal.c                         0x00000000   Number         0  defsig_stak_inner.o ABSOLUTE
    ../clib/signal.s                         0x00000000   Number         0  defsig.o ABSOLUTE
    ../clib/stdlib.c                         0x00000000   Number         0  exit.o ABSOLUTE
    ../fplib/fpinit.s                        0x00000000   Number         0  fpinit.o ABSOLUTE
    LPC2300.s                                0x00000000   Number         0  lpc2300.o ABSOLUTE
    Practica1.c                              0x00000000   Number         0  practica1.o ABSOLUTE
    Retarget.c                               0x00000000   Number         0  retarget.o ABSOLUTE
    Serial.c                                 0x00000000   Number         0  serial.o ABSOLUTE
    dc.s                                     0x00000000   Number         0  dc.o ABSOLUTE
    !!!scatter                               0x00000008   Section       60  __scatter.o(!!!scatter)
    !!handler_copy                           0x00000044   Section       40  __scatter_copy.o(!!handler_copy)
    !!handler_zi                             0x0000006c   Section       44  __scatter_zi.o(!!handler_zi)
    .ARM.Collect$$libinit$$00000000          0x000000a0   Section        2  libinit.o(.ARM.Collect$$libinit$$00000000)
    .ARM.Collect$$libinit$$00000002          0x000000a2   Section        0  libinit2.o(.ARM.Collect$$libinit$$00000002)
    .ARM.Collect$$libinit$$00000004          0x000000a2   Section        0  libinit2.o(.ARM.Collect$$libinit$$00000004)
    .ARM.Collect$$libinit$$0000000A          0x000000a2   Section        0  libinit2.o(.ARM.Collect$$libinit$$0000000A)
    .ARM.Collect$$libinit$$0000000C          0x000000a2   Section        0  libinit2.o(.ARM.Collect$$libinit$$0000000C)
    .ARM.Collect$$libinit$$0000000E          0x000000a2   Section        0  libinit2.o(.ARM.Collect$$libinit$$0000000E)
    .ARM.Collect$$libinit$$00000011          0x000000a2   Section        0  libinit2.o(.ARM.Collect$$libinit$$00000011)
    .ARM.Collect$$libinit$$00000013          0x000000a2   Section        0  libinit2.o(.ARM.Collect$$libinit$$00000013)
    .ARM.Collect$$libinit$$00000015          0x000000a2   Section        0  libinit2.o(.ARM.Collect$$libinit$$00000015)
    .ARM.Collect$$libinit$$00000017          0x000000a2   Section        0  libinit2.o(.ARM.Collect$$libinit$$00000017)
    .ARM.Collect$$libinit$$00000019          0x000000a2   Section        0  libinit2.o(.ARM.Collect$$libinit$$00000019)
    .ARM.Collect$$libinit$$0000001B          0x000000a2   Section        0  libinit2.o(.ARM.Collect$$libinit$$0000001B)
    .ARM.Collect$$libinit$$0000001D          0x000000a2   Section        0  libinit2.o(.ARM.Collect$$libinit$$0000001D)
    .ARM.Collect$$libinit$$0000001F          0x000000a2   Section        0  libinit2.o(.ARM.Collect$$libinit$$0000001F)
    .ARM.Collect$$libinit$$00000021          0x000000a2   Section        0  libinit2.o(.ARM.Collect$$libinit$$00000021)
    .ARM.Collect$$libinit$$00000023          0x000000a2   Section        0  libinit2.o(.ARM.Collect$$libinit$$00000023)
    .ARM.Collect$$libinit$$00000025          0x000000a2   Section        0  libinit2.o(.ARM.Collect$$libinit$$00000025)
    .ARM.Collect$$libinit$$0000002C          0x000000a2   Section        0  libinit2.o(.ARM.Collect$$libinit$$0000002C)
    .ARM.Collect$$libinit$$0000002E          0x000000a2   Section        0  libinit2.o(.ARM.Collect$$libinit$$0000002E)
    .ARM.Collect$$libinit$$00000030          0x000000a2   Section        0  libinit2.o(.ARM.Collect$$libinit$$00000030)
    .ARM.Collect$$libinit$$00000032          0x000000a2   Section        0  libinit2.o(.ARM.Collect$$libinit$$00000032)
    .ARM.Collect$$libinit$$00000033          0x000000a2   Section       12  libinit2.o(.ARM.Collect$$libinit$$00000033)
    .ARM.Collect$$libshutdown$$00000000      0x000000b8   Section        4  libshutdown.o(.ARM.Collect$$libshutdown$$00000000)
    .ARM.Collect$$libshutdown$$00000002      0x000000bc   Section        0  libshutdown2.o(.ARM.Collect$$libshutdown$$00000002)
    .ARM.Collect$$libshutdown$$00000004      0x000000bc   Section        0  libshutdown2.o(.ARM.Collect$$libshutdown$$00000004)
    .ARM.Collect$$libshutdown$$00000007      0x000000bc   Section        0  libshutdown2.o(.ARM.Collect$$libshutdown$$00000007)
    .ARM.Collect$$libshutdown$$0000000A      0x000000bc   Section        0  libshutdown2.o(.ARM.Collect$$libshutdown$$0000000A)
    .ARM.Collect$$libshutdown$$0000000C      0x000000bc   Section        0  libshutdown2.o(.ARM.Collect$$libshutdown$$0000000C)
    .ARM.Collect$$libshutdown$$0000000F      0x000000bc   Section        0  libshutdown2.o(.ARM.Collect$$libshutdown$$0000000F)
    .ARM.Collect$$libshutdown$$00000010      0x000000bc   Section        6  libshutdown2.o(.ARM.Collect$$libshutdown$$00000010)
    .ARM.Collect$$rtentry$$00000000          0x000000c4   Section        0  __rtentry.o(.ARM.Collect$$rtentry$$00000000)
    .ARM.Collect$$rtentry$$00000002          0x000000c4   Section        0  __rtentry2.o(.ARM.Collect$$rtentry$$00000002)
    .ARM.Collect$$rtentry$$00000004          0x000000c4   Section        8  __rtentry4.o(.ARM.Collect$$rtentry$$00000004)
    .ARM.Collect$$rtentry$$00000009          0x000000cc   Section        0  __rtentry2.o(.ARM.Collect$$rtentry$$00000009)
    .ARM.Collect$$rtentry$$0000000A          0x000000cc   Section        4  __rtentry2.o(.ARM.Collect$$rtentry$$0000000A)
    .ARM.Collect$$rtentry$$0000000C          0x000000d0   Section        0  __rtentry2.o(.ARM.Collect$$rtentry$$0000000C)
    .ARM.Collect$$rtentry$$0000000D          0x000000d0   Section       40  __rtentry2.o(.ARM.Collect$$rtentry$$0000000D)
    .ARM.Collect$$rtexit$$00000000           0x000000fc   Section        4  rtexit.o(.ARM.Collect$$rtexit$$00000000)
    .ARM.Collect$$rtexit$$00000002           0x00000100   Section        0  rtexit2.o(.ARM.Collect$$rtexit$$00000002)
    .ARM.Collect$$rtexit$$00000003           0x00000100   Section        4  rtexit2.o(.ARM.Collect$$rtexit$$00000003)
    .ARM.Collect$$rtexit$$00000004           0x00000104   Section        8  rtexit2.o(.ARM.Collect$$rtexit$$00000004)
    .text                                    0x0000010c   Section       32  lpc2300.o(.text)
    .text                                    0x0000012c   Section        4  use_no_semi.o(.text)
    .text                                    0x00000138   Section        0  noretval__2printf.o(.text)
    .text                                    0x00000154   Section        0  heapauxi.o(.text)
    .text                                    0x0000015c   Section        0  _printf_char_file.o(.text)
    .text                                    0x00000188   Section        0  _printf_char_common.o(.text)
    _printf_input_char                       0x00000189   Thumb Code    10  _printf_char_common.o(.text)
    .text                                    0x000001b8   Section       96  sys_stackheap_outer.o(.text)
    .text                                    0x00000218   Section        0  __printf_nopercent.o(.text)
    .text                                    0x00000244   Section        0  exit.o(.text)
    .text                                    0x00000258   Section       12  libspace.o(.text)
    i.__ARM_common_call_via_r5               0x00000264   Section        0  __printf_nopercent.o(i.__ARM_common_call_via_r5)
    i.__ARM_common_call_via_r7               0x00000266   Section        0  __printf_nopercent.o(i.__ARM_common_call_via_r7)
    i._sys_exit                              0x00000268   Section        0  retarget.o(i._sys_exit)
    i.ferror                                 0x00000274   Section        0  retarget.o(i.ferror)
    i.fputc                                  0x00000280   Section        0  retarget.o(i.fputc)
    i.init_serial                            0x0000029c   Section        0  serial.o(i.init_serial)
    i.main                                   0x000002f4   Section        0  practica1.o(i.main)
    i.sendchar                               0x00000314   Section        0  serial.o(i.sendchar)
    .data                                    0x40000000   Section        4  retarget.o(.data)
    .bss                                     0x40000004   Section       96  libspace.o(.bss)
    HEAP                                     0x40000068   Section        0  lpc2300.o(HEAP)
    STACK                                    0x40000068   Section     1288  lpc2300.o(STACK)
    Heap_Mem                                 0x40000068   Data           0  lpc2300.o(HEAP)
    Stack_Mem                                0x40000068   Data        1024  lpc2300.o(STACK)
    Stack_Top                                0x40000570   Data           0  lpc2300.o(STACK)

    Global Symbols

    Symbol Name                              Value     Ov Type        Size  Object(Section)

    BuildAttributes$$THM_ISAv1$ARM_ISAv4$S$PE$A:L22$X:L11$S22$IEEE1$IW$USESV6$~STKCKD$USESV7$~SHL$OSPACE$ROPI$EBA8$UX$STANDARDLIB$REQ8$PRES8$EABIv2 0x00000000   Number         0  anon$$obj.o ABSOLUTE
    __ARM_use_no_argv                        0x00000000   Number         0  practica1.o ABSOLUTE
    __main                                   0x00000000   ARM Code       8  __main.o(!!!main)
    __ARM_exceptions_init                     - Undefined Weak Reference
    __alloca_initialize                       - Undefined Weak Reference
    __arm_preinit_                            - Undefined Weak Reference
    __cpp_initialize__aeabi_                  - Undefined Weak Reference
    __cxa_finalize                            - Undefined Weak Reference
    __rt_locale                               - Undefined Weak Reference
    __sigvec_lookup                           - Undefined Weak Reference
    _atexit_init                              - Undefined Weak Reference
    _call_atexit_fns                          - Undefined Weak Reference
    _clock_init                               - Undefined Weak Reference
    _fp_trap_init                             - Undefined Weak Reference
    _fp_trap_shutdown                         - Undefined Weak Reference
    _get_lc_collate                           - Undefined Weak Reference
    _get_lc_ctype                             - Undefined Weak Reference
    _get_lc_monetary                          - Undefined Weak Reference
    _get_lc_numeric                           - Undefined Weak Reference
    _get_lc_time                              - Undefined Weak Reference
    _getenv_init                              - Undefined Weak Reference
    _handle_redirection                       - Undefined Weak Reference
    _init_alloc                               - Undefined Weak Reference
    _init_user_alloc                          - Undefined Weak Reference
    _initio                                   - Undefined Weak Reference
    _rand_init                                - Undefined Weak Reference
    _signal_finish                            - Undefined Weak Reference
    _signal_init                              - Undefined Weak Reference
    _terminate_alloc                          - Undefined Weak Reference
    _terminate_user_alloc                     - Undefined Weak Reference
    _terminateio                              - Undefined Weak Reference
    __scatterload                            0x00000008   ARM Code       0  __scatter.o(!!!scatter)
    __scatterload_rt2                        0x00000008   ARM Code      52  __scatter.o(!!!scatter)
    __scatterload_null                       0x0000001c   ARM Code       0  __scatter.o(!!!scatter)
    __scatterload_copy                       0x00000044   ARM Code      40  __scatter_copy.o(!!handler_copy)
    __scatterload_zeroinit                   0x0000006c   ARM Code      44  __scatter_zi.o(!!handler_zi)
    Inline ARM to Thumb Veneer to __rt_lib_init 0x00000098   ARM Code       8  libinit.o(.ARM.Collect$$libinit$$00000000)
    __rt_lib_init                            0x000000a1   Thumb Code     0  libinit.o(.ARM.Collect$$libinit$$00000000)
    __rt_lib_init_alloca_1                   0x000000a3   Thumb Code     0  libinit2.o(.ARM.Collect$$libinit$$0000002E)
    __rt_lib_init_argv_1                     0x000000a3   Thumb Code     0  libinit2.o(.ARM.Collect$$libinit$$0000002C)
    __rt_lib_init_atexit_1                   0x000000a3   Thumb Code     0  libinit2.o(.ARM.Collect$$libinit$$0000001B)
    __rt_lib_init_clock_1                    0x000000a3   Thumb Code     0  libinit2.o(.ARM.Collect$$libinit$$00000021)
    __rt_lib_init_cpp_1                      0x000000a3   Thumb Code     0  libinit2.o(.ARM.Collect$$libinit$$00000032)
    __rt_lib_init_exceptions_1               0x000000a3   Thumb Code     0  libinit2.o(.ARM.Collect$$libinit$$00000030)
    __rt_lib_init_fp_1                       0x000000a3   Thumb Code     0  libinit2.o(.ARM.Collect$$libinit$$00000002)
    __rt_lib_init_fp_trap_1                  0x000000a3   Thumb Code     0  libinit2.o(.ARM.Collect$$libinit$$0000001F)
    __rt_lib_init_getenv_1                   0x000000a3   Thumb Code     0  libinit2.o(.ARM.Collect$$libinit$$00000023)
    __rt_lib_init_heap_1                     0x000000a3   Thumb Code     0  libinit2.o(.ARM.Collect$$libinit$$0000000A)
    __rt_lib_init_lc_collate_1               0x000000a3   Thumb Code     0  libinit2.o(.ARM.Collect$$libinit$$00000011)
    __rt_lib_init_lc_ctype_1                 0x000000a3   Thumb Code     0  libinit2.o(.ARM.Collect$$libinit$$00000013)
    __rt_lib_init_lc_monetary_1              0x000000a3   Thumb Code     0  libinit2.o(.ARM.Collect$$libinit$$00000015)
    __rt_lib_init_lc_numeric_1               0x000000a3   Thumb Code     0  libinit2.o(.ARM.Collect$$libinit$$00000017)
    __rt_lib_init_lc_time_1                  0x000000a3   Thumb Code     0  libinit2.o(.ARM.Collect$$libinit$$00000019)
    __rt_lib_init_preinit_1                  0x000000a3   Thumb Code     0  libinit2.o(.ARM.Collect$$libinit$$00000004)
    __rt_lib_init_rand_1                     0x000000a3   Thumb Code     0  libinit2.o(.ARM.Collect$$libinit$$0000000E)
    __rt_lib_init_return                     0x000000a3   Thumb Code     0  libinit2.o(.ARM.Collect$$libinit$$00000033)
    __rt_lib_init_signal_1                   0x000000a3   Thumb Code     0  libinit2.o(.ARM.Collect$$libinit$$0000001D)
    __rt_lib_init_stdio_1                    0x000000a3   Thumb Code     0  libinit2.o(.ARM.Collect$$libinit$$00000025)
    __rt_lib_init_user_alloc_1               0x000000a3   Thumb Code     0  libinit2.o(.ARM.Collect$$libinit$$0000000C)
    Inline ARM to Thumb Veneer to __rt_lib_shutdown 0x000000b0   ARM Code       8  libshutdown.o(.ARM.Collect$$libshutdown$$00000000)
    __rt_lib_shutdown                        0x000000b9   Thumb Code     0  libshutdown.o(.ARM.Collect$$libshutdown$$00000000)
    __rt_lib_shutdown_cpp_1                  0x000000bd   Thumb Code     0  libshutdown2.o(.ARM.Collect$$libshutdown$$00000002)
    __rt_lib_shutdown_fp_trap_1              0x000000bd   Thumb Code     0  libshutdown2.o(.ARM.Collect$$libshutdown$$00000007)
    __rt_lib_shutdown_heap_1                 0x000000bd   Thumb Code     0  libshutdown2.o(.ARM.Collect$$libshutdown$$0000000F)
    __rt_lib_shutdown_return                 0x000000bd   Thumb Code     0  libshutdown2.o(.ARM.Collect$$libshutdown$$00000010)
    __rt_lib_shutdown_signal_1               0x000000bd   Thumb Code     0  libshutdown2.o(.ARM.Collect$$libshutdown$$0000000A)
    __rt_lib_shutdown_stdio_1                0x000000bd   Thumb Code     0  libshutdown2.o(.ARM.Collect$$libshutdown$$00000004)
    __rt_lib_shutdown_user_alloc_1           0x000000bd   Thumb Code     0  libshutdown2.o(.ARM.Collect$$libshutdown$$0000000C)
    __rt_entry                               0x000000c4   ARM Code       0  __rtentry.o(.ARM.Collect$$rtentry$$00000000)
    __rt_entry_presh_1                       0x000000c4   ARM Code       0  __rtentry2.o(.ARM.Collect$$rtentry$$00000002)
    __rt_entry_sh                            0x000000c4   ARM Code       0  __rtentry4.o(.ARM.Collect$$rtentry$$00000004)
    __rt_entry_li                            0x000000cc   ARM Code       0  __rtentry2.o(.ARM.Collect$$rtentry$$0000000A)
    __rt_entry_postsh_1                      0x000000cc   ARM Code       0  __rtentry2.o(.ARM.Collect$$rtentry$$00000009)
    __rt_entry_main                          0x000000d0   ARM Code       0  __rtentry2.o(.ARM.Collect$$rtentry$$0000000D)
    __rt_entry_postli_1                      0x000000d0   ARM Code       0  __rtentry2.o(.ARM.Collect$$rtentry$$0000000C)
    Inline Thumb to ARM Veneer to __rt_exit  0x000000f9   Thumb Code     4  rtexit.o(.ARM.Collect$$rtexit$$00000000)
    __rt_exit                                0x000000fc   ARM Code       0  rtexit.o(.ARM.Collect$$rtexit$$00000000)
    __rt_exit_ls                             0x00000100   ARM Code       0  rtexit2.o(.ARM.Collect$$rtexit$$00000003)
    __rt_exit_prels_1                        0x00000100   ARM Code       0  rtexit2.o(.ARM.Collect$$rtexit$$00000002)
    __rt_exit_exit                           0x00000104   ARM Code       0  rtexit2.o(.ARM.Collect$$rtexit$$00000004)
    __user_initial_stackheap                 0x0000010c   ARM Code       0  lpc2300.o(.text)
    __I$use$semihosting                      0x0000012c   ARM Code       0  use_no_semi.o(.text)
    __use_no_semihosting_swi                 0x0000012c   ARM Code       4  use_no_semi.o(.text)
    Inline ARM to Thumb Veneer to __2printf  0x00000130   ARM Code       8  noretval__2printf.o(.text)
    __2printf                                0x00000139   Thumb Code    22  noretval__2printf.o(.text)
    __use_two_region_memory                  0x00000155   Thumb Code     2  heapauxi.o(.text)
    __rt_heap_escrow$2region                 0x00000157   Thumb Code     2  heapauxi.o(.text)
    __rt_heap_expand$2region                 0x00000159   Thumb Code     2  heapauxi.o(.text)
    _printf_char_file                        0x0000015d   Thumb Code    38  _printf_char_file.o(.text)
    _printf_char_common                      0x00000193   Thumb Code    34  _printf_char_common.o(.text)
    __user_setup_stackheap                   0x000001b8   ARM Code      96  sys_stackheap_outer.o(.text)
    __printf                                 0x00000219   Thumb Code    44  __printf_nopercent.o(.text)
    exit                                     0x00000245   Thumb Code    20  exit.o(.text)
    __user_libspace                          0x00000258   ARM Code      12  libspace.o(.text)
    __user_perproc_libspace                  0x00000258   ARM Code       0  libspace.o(.text)
    __user_perthread_libspace                0x00000258   ARM Code       0  libspace.o(.text)
    __ARM_common_call_via_r5                 0x00000265   Thumb Code     2  __printf_nopercent.o(i.__ARM_common_call_via_r5)
    __ARM_common_call_via_r7                 0x00000267   Thumb Code     2  __printf_nopercent.o(i.__ARM_common_call_via_r7)
    _sys_exit                                0x00000268   ARM Code       8  retarget.o(i._sys_exit)
    Inline Thumb to ARM Veneer to ferror     0x00000271   Thumb Code     4  retarget.o(i.ferror)
    ferror                                   0x00000274   ARM Code      12  retarget.o(i.ferror)
    fputc                                    0x00000280   ARM Code      28  retarget.o(i.fputc)
    init_serial                              0x0000029c   ARM Code      84  serial.o(i.init_serial)
    main                                     0x000002f4   ARM Code      20  practica1.o(i.main)
    sendchar                                 0x00000314   ARM Code      36  serial.o(i.sendchar)
    Region$$Table$$Base                      0x0000033c   Number         0  anon$$obj.o(Region$$Table)
    Region$$Table$$Limit                     0x0000035c   Number         0  anon$$obj.o(Region$$Table)
    __stdout                                 0x40000000   Data           4  retarget.o(.data)
    __libspace_start                         0x40000004   Data          96  libspace.o(.bss)
    __temporary_stack_top$libspace           0x40000064   Data           0  libspace.o(.bss)



==============================================================================

Memory Map of the image

  Image Entry point : 0x00000000

  Load Region LR_1 (Base: 0x00000000, Size: 0x00000360, Max: 0xffffffff, ABSOLUTE)

    Execution Region ER_RO (Exec base: 0x00000000, Load base: 0x00000000, Size: 0x0000035c, Max: 0xffffffff, ABSOLUTE)

    Exec Addr    Load Addr    Size         Type   Attr      Idx    E Section Name        Object

    0x00000000   0x00000000   0x00000008   Code   RO          114  * !!!main             c_t.l(__main.o)
    0x00000008   0x00000008   0x0000003c   Code   RO          277    !!!scatter          c_t.l(__scatter.o)
    0x00000044   0x00000044   0x00000028   Code   RO          279    !!handler_copy      c_t.l(__scatter_copy.o)
    0x0000006c   0x0000006c   0x0000002c   Code   RO          281    !!handler_zi        c_t.l(__scatter_zi.o)
    0x00000098   0x00000098   0x00000008   Ven    RO          151    .ARM.Collect$$libinit$$00000000  c_t.l(libinit.o)
    0x000000a0   0x000000a0   0x00000002   Code   RO          151    .ARM.Collect$$libinit$$00000000  c_t.l(libinit.o)
    0x000000a2   0x000000a2   0x00000000   Code   RO          158    .ARM.Collect$$libinit$$00000002  c_t.l(libinit2.o)
    0x000000a2   0x000000a2   0x00000000   Code   RO          160    .ARM.Collect$$libinit$$00000004  c_t.l(libinit2.o)
    0x000000a2   0x000000a2   0x00000000   Code   RO          163    .ARM.Collect$$libinit$$0000000A  c_t.l(libinit2.o)
    0x000000a2   0x000000a2   0x00000000   Code   RO          165    .ARM.Collect$$libinit$$0000000C  c_t.l(libinit2.o)
    0x000000a2   0x000000a2   0x00000000   Code   RO          167    .ARM.Collect$$libinit$$0000000E  c_t.l(libinit2.o)
    0x000000a2   0x000000a2   0x00000000   Code   RO          170    .ARM.Collect$$libinit$$00000011  c_t.l(libinit2.o)
    0x000000a2   0x000000a2   0x00000000   Code   RO          172    .ARM.Collect$$libinit$$00000013  c_t.l(libinit2.o)
    0x000000a2   0x000000a2   0x00000000   Code   RO          174    .ARM.Collect$$libinit$$00000015  c_t.l(libinit2.o)
    0x000000a2   0x000000a2   0x00000000   Code   RO          176    .ARM.Collect$$libinit$$00000017  c_t.l(libinit2.o)
    0x000000a2   0x000000a2   0x00000000   Code   RO          178    .ARM.Collect$$libinit$$00000019  c_t.l(libinit2.o)
    0x000000a2   0x000000a2   0x00000000   Code   RO          180    .ARM.Collect$$libinit$$0000001B  c_t.l(libinit2.o)
    0x000000a2   0x000000a2   0x00000000   Code   RO          182    .ARM.Collect$$libinit$$0000001D  c_t.l(libinit2.o)
    0x000000a2   0x000000a2   0x00000000   Code   RO          184    .ARM.Collect$$libinit$$0000001F  c_t.l(libinit2.o)
    0x000000a2   0x000000a2   0x00000000   Code   RO          186    .ARM.Collect$$libinit$$00000021  c_t.l(libinit2.o)
    0x000000a2   0x000000a2   0x00000000   Code   RO          188    .ARM.Collect$$libinit$$00000023  c_t.l(libinit2.o)
    0x000000a2   0x000000a2   0x00000000   Code   RO          190    .ARM.Collect$$libinit$$00000025  c_t.l(libinit2.o)
    0x000000a2   0x000000a2   0x00000000   Code   RO          194    .ARM.Collect$$libinit$$0000002C  c_t.l(libinit2.o)
    0x000000a2   0x000000a2   0x00000000   Code   RO          196    .ARM.Collect$$libinit$$0000002E  c_t.l(libinit2.o)
    0x000000a2   0x000000a2   0x00000000   Code   RO          198    .ARM.Collect$$libinit$$00000030  c_t.l(libinit2.o)
    0x000000a2   0x000000a2   0x00000000   Code   RO          200    .ARM.Collect$$libinit$$00000032  c_t.l(libinit2.o)
    0x000000a2   0x000000a2   0x0000000c   Code   RO          201    .ARM.Collect$$libinit$$00000033  c_t.l(libinit2.o)
    0x000000ae   0x000000ae   0x00000002   PAD
    0x000000b0   0x000000b0   0x00000008   Ven    RO          219    .ARM.Collect$$libshutdown$$00000000  c_t.l(libshutdown.o)
    0x000000b8   0x000000b8   0x00000004   Code   RO          219    .ARM.Collect$$libshutdown$$00000000  c_t.l(libshutdown.o)
    0x000000bc   0x000000bc   0x00000000   Code   RO          229    .ARM.Collect$$libshutdown$$00000002  c_t.l(libshutdown2.o)
    0x000000bc   0x000000bc   0x00000000   Code   RO          231    .ARM.Collect$$libshutdown$$00000004  c_t.l(libshutdown2.o)
    0x000000bc   0x000000bc   0x00000000   Code   RO          234    .ARM.Collect$$libshutdown$$00000007  c_t.l(libshutdown2.o)
    0x000000bc   0x000000bc   0x00000000   Code   RO          237    .ARM.Collect$$libshutdown$$0000000A  c_t.l(libshutdown2.o)
    0x000000bc   0x000000bc   0x00000000   Code   RO          239    .ARM.Collect$$libshutdown$$0000000C  c_t.l(libshutdown2.o)
    0x000000bc   0x000000bc   0x00000000   Code   RO          242    .ARM.Collect$$libshutdown$$0000000F  c_t.l(libshutdown2.o)
    0x000000bc   0x000000bc   0x00000006   Code   RO          243    .ARM.Collect$$libshutdown$$00000010  c_t.l(libshutdown2.o)
    0x000000c2   0x000000c2   0x00000002   PAD
    0x000000c4   0x000000c4   0x00000000   Code   RO          116    .ARM.Collect$$rtentry$$00000000  c_t.l(__rtentry.o)
    0x000000c4   0x000000c4   0x00000000   Code   RO          120    .ARM.Collect$$rtentry$$00000002  c_t.l(__rtentry2.o)
    0x000000c4   0x000000c4   0x00000008   Code   RO          132    .ARM.Collect$$rtentry$$00000004  c_t.l(__rtentry4.o)
    0x000000cc   0x000000cc   0x00000000   Code   RO          122    .ARM.Collect$$rtentry$$00000009  c_t.l(__rtentry2.o)
    0x000000cc   0x000000cc   0x00000004   Code   RO          123    .ARM.Collect$$rtentry$$0000000A  c_t.l(__rtentry2.o)
    0x000000d0   0x000000d0   0x00000000   Code   RO          125    .ARM.Collect$$rtentry$$0000000C  c_t.l(__rtentry2.o)
    0x000000d0   0x000000d0   0x00000028   Code   RO          126    .ARM.Collect$$rtentry$$0000000D  c_t.l(__rtentry2.o)
    0x000000f8   0x000000f8   0x00000004   Ven    RO          155    .ARM.Collect$$rtexit$$00000000  c_t.l(rtexit.o)
    0x000000fc   0x000000fc   0x00000004   Code   RO          155    .ARM.Collect$$rtexit$$00000000  c_t.l(rtexit.o)
    0x00000100   0x00000100   0x00000000   Code   RO          203    .ARM.Collect$$rtexit$$00000002  c_t.l(rtexit2.o)
    0x00000100   0x00000100   0x00000004   Code   RO          204    .ARM.Collect$$rtexit$$00000003  c_t.l(rtexit2.o)
    0x00000104   0x00000104   0x00000008   Code   RO          205    .ARM.Collect$$rtexit$$00000004  c_t.l(rtexit2.o)
    0x0000010c   0x0000010c   0x00000020   Code   RO            4    .text               lpc2300.o
    0x0000012c   0x0000012c   0x00000004   Code   RO          106    .text               c_t.l(use_no_semi.o)
    0x00000130   0x00000130   0x00000008   Ven    RO          110    .text               c_t.l(noretval__2printf.o)
    0x00000138   0x00000138   0x0000001c   Code   RO          110    .text               c_t.l(noretval__2printf.o)
    0x00000154   0x00000154   0x00000006   Code   RO          112    .text               c_t.l(heapauxi.o)
    0x0000015a   0x0000015a   0x00000002   PAD
    0x0000015c   0x0000015c   0x0000002c   Code   RO          117    .text               c_t.l(_printf_char_file.o)
    0x00000188   0x00000188   0x00000030   Code   RO          134    .text               c_t.l(_printf_char_common.o)
    0x000001b8   0x000001b8   0x00000060   Code   RO          136    .text               c_t.l(sys_stackheap_outer.o)
    0x00000218   0x00000218   0x0000002c   Code   RO          138    .text               c_t.l(__printf_nopercent.o)
    0x00000244   0x00000244   0x00000014   Code   RO          144    .text               c_t.l(exit.o)
    0x00000258   0x00000258   0x0000000c   Code   RO          152    .text               c_t.l(libspace.o)
    0x00000264   0x00000264   0x00000002   Code   RO          140    i.__ARM_common_call_via_r5  c_t.l(__printf_nopercent.o)
    0x00000266   0x00000266   0x00000002   Code   RO          142    i.__ARM_common_call_via_r7  c_t.l(__printf_nopercent.o)
    0x00000268   0x00000268   0x00000008   Code   RO           11    i._sys_exit         retarget.o
    0x00000270   0x00000270   0x00000004   Ven    RO           13    i.ferror            retarget.o
    0x00000274   0x00000274   0x0000000c   Code   RO           13    i.ferror            retarget.o
    0x00000280   0x00000280   0x0000001c   Code   RO           14    i.fputc             retarget.o
    0x0000029c   0x0000029c   0x00000058   Code   RO           59    i.init_serial       serial.o
    0x000002f4   0x000002f4   0x00000020   Code   RO           85    i.main              practica1.o
    0x00000314   0x00000314   0x00000028   Code   RO           60    i.sendchar          serial.o
    0x0000033c   0x0000033c   0x00000020   Data   RO          275    Region$$Table       anon$$obj.o


    Execution Region ER_RW (Exec base: 0x40000000, Load base: 0x0000035c, Size: 0x00000004, Max: 0xffffffff, ABSOLUTE)

    Exec Addr    Load Addr    Size         Type   Attr      Idx    E Section Name        Object

    0x40000000   0x0000035c   0x00000004   Data   RW           15    .data               retarget.o


    Execution Region ER_ZI (Exec base: 0x40000004, Load base: 0x00000360, Size: 0x0000056c, Max: 0xffffffff, ABSOLUTE)

    Exec Addr    Load Addr    Size         Type   Attr      Idx    E Section Name        Object

    0x40000004        -       0x00000060   Zero   RW          153    .bss                c_t.l(libspace.o)
    0x40000064   0x00000360   0x00000004   PAD
    0x40000068        -       0x00000000   Zero   RW            2    HEAP                lpc2300.o
    0x40000068        -       0x00000508   Zero   RW            1    STACK               lpc2300.o


==============================================================================

Image component sizes


      Code (inc. data)   RO Data    RW Data    ZI Data      Debug   Object Name

        32         12          0          0       1288        288   lpc2300.o
        32         12          0          0          0        439   practica1.o
        48          0          0          4          0       4835   retarget.o
       128          8          0          0          0        913   serial.o

    ----------------------------------------------------------------------
       244         32         32          4       1288       6475   Object Totals
         4          0         32          0          0          0   (incl. Generated)
         0          0          0          0          0          0   (incl. Padding)

    ----------------------------------------------------------------------

      Code (inc. data)   RO Data    RW Data    ZI Data      Debug   Library Member Name

         8          0          0          0          0         68   __main.o
        48          0          0          0          0        208   __printf_nopercent.o
         0          0          0          0          0          0   __rtentry.o
        44          4          0          0          0          0   __rtentry2.o
         8          0          0          0          0          0   __rtentry4.o
        60          8          0          0          0          0   __scatter.o
        40          0          0          0          0          0   __scatter_copy.o
        44          0          0          0          0          0   __scatter_zi.o
        48          4          0          0          0         96   _printf_char_common.o
        44          6          0          0          0         88   _printf_char_file.o
        20          0          0          0          0         80   exit.o
         6          0          0          0          0        136   heapauxi.o
        10          0          0          0          0          0   libinit.o
        12          0          0          0          0          0   libinit2.o
        12          0          0          0          0          0   libshutdown.o
         6          0          0          0          0          0   libshutdown2.o
        12          4          0          0         96         68   libspace.o
        36          6          0          0          0         84   noretval__2printf.o
         8          0          0          0          0          0   rtexit.o
        12          0          0          0          0          0   rtexit2.o
        96          0          0          0          0         80   sys_stackheap_outer.o
         4          0          0          0          0         68   use_no_semi.o

    ----------------------------------------------------------------------
       584         32          0          0        100        976   Library Totals
         6          0          0          0          4          0   (incl. Padding)

    ----------------------------------------------------------------------

      Code (inc. data)   RO Data    RW Data    ZI Data      Debug   Library Name

       578         32          0          0         96        976   c_t.l

    ----------------------------------------------------------------------
       584         32          0          0        100        976   Library Totals

    ----------------------------------------------------------------------

==============================================================================


      Code (inc. data)   RO Data    RW Data    ZI Data      Debug   

       828         64         32          4       1388       7035   Grand Totals
       828         64         32          4       1388       7035   ELF Image Totals
       828         64         32          4          0          0   ROM Totals

==============================================================================

    Total RO  Size (Code + RO Data)                  860 (   0.84kB)
    Total RW  Size (RW Data + ZI Data)              1392 (   1.36kB)
    Total ROM Size (Code + RO Data + RW Data)        864 (   0.84kB)

==============================================================================

