Archive member included because of file (symbol)

../ecrobot/../ecrobot/libecrobot.a(ecrobot_device_hook.o)
                              build/ecrobot.o (ecrobot_device_initialize)
../ecrobot/../ecrobot/libecrobot.a(ecrobot_interface.o)
                              build/ecrobot_base.o (ecrobot_get_battery_voltage)
../ecrobot/../ecrobot/libecrobot.a(osek_hook.o)
                              build/kernel/osctl.o (StartupHook)
../ecrobot/../ecrobot/libecrobot.a(uart.oram)
                              build/config/at91sam7s-gnu/irq.oram (uart_isr_C_0)
../ecrobot/../ecrobot/libecrobot.a(systick.oram)
                              build/syslib/at91sam7s-gnu/lego_nxt/hw_sys_timer.oram (systick_low_priority_C)
../ecrobot/../ecrobot/libecrobot.a(byte_fifo.oram)
                              ../ecrobot/../ecrobot/libecrobot.a(uart.oram) (byte_fifo_put)
../ecrobot/../ecrobot/libecrobot.a(aic.oram)
                              ../ecrobot/../ecrobot/libecrobot.a(uart.oram) (aic_set_vector)
../ecrobot/../ecrobot/libecrobot.a(udp.oram)
                              build/config/at91sam7s-gnu/irq.oram (udp_isr_C)
../ecrobot/../ecrobot/libecrobot.a(twi.oram)
                              build/config/at91sam7s-gnu/irq.oram (twi_isr_C)
../ecrobot/../ecrobot/libecrobot.a(nxt_spi.oram)
                              build/config/at91sam7s-gnu/irq.oram (spi_isr_C)
../ecrobot/../ecrobot/libecrobot.a(nxt_motors.oram)
                              build/practica_1a.o (nxt_motor_get_count)
../ecrobot/../ecrobot/libecrobot.a(data_abort.oram)
                              build/ecrobot_init.o (data_abort_C)
../ecrobot/../ecrobot/libecrobot.a(display.oram)
                              build/ecrobot_base.o (display_update)
../ecrobot/../ecrobot/libecrobot.a(i2c.oram)
                              build/config/at91sam7s-gnu/irq.oram (i2c_timer_isr_C)
../ecrobot/../ecrobot/libecrobot.a(sound.oram)
                              ../ecrobot/../ecrobot/libecrobot.a(ecrobot_interface.o) (sound_get_time)
../ecrobot/../ecrobot/libecrobot.a(bt.oram)
                              build/ecrobot_bluetooth.o (bt_send)
../ecrobot/../ecrobot/libecrobot.a(nxt_avr.oram)
                              build/ecrobot_base.o (nxt_avr_power_down)
../ecrobot/../ecrobot/libecrobot.a(sensors.oram)
                              ../ecrobot/../ecrobot/libecrobot.a(ecrobot_interface.o) (unset_digi0)
../ecrobot/../ecrobot/libecrobot.a(nxt_lcd.oram)
                              ../ecrobot/../ecrobot/libecrobot.a(display.oram) (nxt_lcd_force_update)
../ecrobot/../ecrobot/libecrobot.a(flash_loader.oram)
                              build/ecrobot.o (set_flash_request)
../ecrobot/../ecrobot/libecrobot.a(interrupts.oram)
                              ../ecrobot/../ecrobot/libecrobot.a(uart.oram) (interrupts_get_and_disable)
../ecrobot/../ecrobot/libecrobot.a(nxtosek_splash.obmp)
                              build/ecrobot_base.o (nxtosek_splash_bmp_start)
../ecrobot/../ecrobot/libecrobot.a(ecrobot_usb.o)
                              ../ecrobot/../ecrobot/libecrobot.a(flash_loader.oram) (ecrobot_init_usb)
../ecrobot/../ecrobot/libecrobot.a(flashprog.oram)
                              ../ecrobot/../ecrobot/libecrobot.a(flash_loader.oram) (flash_write_page)
/cygdrive/C/cygwin/GNUARM/bin/../lib/gcc/arm-elf/4.0.2/thumb/interwork/libgcc.a(_udivsi3.o)
                              build/ecrobot_base.o (__udivsi3)
/cygdrive/C/cygwin/GNUARM/bin/../lib/gcc/arm-elf/4.0.2/thumb/interwork/libgcc.a(_divsi3.o)
                              ../ecrobot/../ecrobot/libecrobot.a(uart.oram) (__divsi3)
/cygdrive/C/cygwin/GNUARM/bin/../lib/gcc/arm-elf/4.0.2/thumb/interwork/libgcc.a(_umodsi3.o)
                              ../ecrobot/../ecrobot/libecrobot.a(display.oram) (__umodsi3)
/cygdrive/C/cygwin/GNUARM/bin/../lib/gcc/arm-elf/4.0.2/thumb/interwork/libgcc.a(_modsi3.o)
                              ../ecrobot/../ecrobot/libecrobot.a(sound.oram) (__modsi3)
/cygdrive/C/cygwin/GNUARM/bin/../lib/gcc/arm-elf/4.0.2/thumb/interwork/libgcc.a(_dvmd_tls.o)
                              /cygdrive/C/cygwin/GNUARM/bin/../lib/gcc/arm-elf/4.0.2/thumb/interwork/libgcc.a(_udivsi3.o) (__div0)
/cygdrive/C/cygwin/GNUARM/bin/../lib/gcc/arm-elf/4.0.2/thumb/interwork/libgcc.a(_muldi3.o)
                              ../ecrobot/../ecrobot/libecrobot.a(sound.oram) (__muldi3)
/cygdrive/C/cygwin/GNUARM/bin/../lib/gcc/arm-elf/4.0.2/thumb/interwork/libgcc.a(_divdi3.o)
                              ../ecrobot/../ecrobot/libecrobot.a(sound.oram) (__divdi3)
/cygdrive/C/cygwin/GNUARM/bin/../lib/gcc/arm-elf/4.0.2/thumb/interwork/libgcc.a(_clz.o)
                              /cygdrive/C/cygwin/GNUARM/bin/../lib/gcc/arm-elf/4.0.2/thumb/interwork/libgcc.a(_divdi3.o) (__clz_tab)
/cygdrive/C/cygwin/GNUARM/bin/../lib/gcc/arm-elf/4.0.2/../../../../arm-elf/lib/thumb/interwork/libc.a(memcpy.o)
                              ../ecrobot/../ecrobot/libecrobot.a(udp.oram) (memcpy)
[...]
Memory Configuration

Name             Origin             Length             Attributes
rom              0x00108000         0x00038000
vector_ram       0x00200000         0x00000040
ram              0x00200040         0x0000ffc0
*default*        0x00000000         0xffffffff

Linker script and memory map

LOAD build/kernel/alarm.o
LOAD build/kernel/event.o
LOAD build/kernel/interrupt.o
LOAD build/kernel/osctl.o
LOAD build/kernel/resource.o
LOAD build/kernel/task.o
LOAD build/kernel/task_manage.o
LOAD build/config/at91sam7s-gnu/cpu_config.o
LOAD build/config/at91sam7s-gnu/lego_nxt/sys_config.o
LOAD build/./kernel_cfg.o
LOAD build/syscalls.o
LOAD build/ecrobot_bluetooth.o
LOAD build/ecrobot_base.o
LOAD build/ecrobot.o
LOAD build/practica_1a.o
LOAD build/syslib/at91sam7s-gnu/lego_nxt/hw_sys_timer.oram
LOAD build/nxtvm/platform/nxt/vectors.o
LOAD build/config/at91sam7s-gnu/debug.o
LOAD build/config/at91sam7s-gnu/lego_nxt/sys_support.o
LOAD build/nxt_binary_header.o
LOAD build/nxt_entry_point.o
LOAD build/ecrobot_init.o
LOAD build/config/at91sam7s-gnu/cpu_support.oram
LOAD build/config/at91sam7s-gnu/irq.oram
LOAD ../ecrobot/../c++/liblejososek.a
LOAD ../ecrobot/../ecrobot/libecrobot.a
LOAD /cygdrive/C/cygwin/GNUARM/bin/../lib/gcc/arm-elf/4.0.2/../../../../arm-elf/lib/thumb/interwork/libstdc++.a
LOAD /cygdrive/C/cygwin/GNUARM/bin/../lib/gcc/arm-elf/4.0.2/../../../../arm-elf/lib/thumb/interwork/libm.a
LOAD /cygdrive/C/cygwin/GNUARM/bin/../lib/gcc/arm-elf/4.0.2/thumb/interwork/libgcc.a
LOAD /cygdrive/C/cygwin/GNUARM/bin/../lib/gcc/arm-elf/4.0.2/../../../../arm-elf/lib/thumb/interwork/libc.a
LOAD /cygdrive/C/cygwin/GNUARM/bin/../lib/gcc/arm-elf/4.0.2/thumb/interwork/libgcc.a
                0x00108000                ROM_BASE = 0x108000
                0x00038000                ROM_SIZE = 0x38000
                0x00200000                RAM_BASE = 0x200000
                0x00010000                RAM_SIZE = 0x10000

.vectors        0x00200000       0x40 load address 0x00108000
 vectors.o(*.text *.text.*)
 .text          0x00200000       0x38 build/nxtvm/platform/nxt/vectors.o
                0x00200040                . = ALIGN (0x10)
 *fill*         0x00200038        0x8 00
                0x00200000                __vectors_ram_start__ = ADDR (.vectors)
                0x00200040                __vectors_ram_end__ = (ADDR (.vectors) + SIZEOF (.vectors))
                0x00108000                __vectors_load_start__ = LOADADDR (.vectors)
                0x00108040                __vectors_load_end__ = (LOADADDR (.vectors) + SIZEOF (.vectors))

.init           0x00108040      0x280
 *ecrobot_init.o(*.text *.text.*)
 .text          0x00108040      0x280 build/ecrobot_init.o
                0x001081ac                undef_handler
                0x001081b4                prefetch_abort_handler
                0x001081b8                data_abort_handler
                0x001081b0                swi_handler
                0x00108040                start
                0x001081d4                reserved_handler
                0x001082c0                . = ALIGN (0x10)

.ram_text       0x00200040     0x2f60 load address 0x001082c0
                0x00200040                . = ALIGN (0x10)
 *.oram(*.text *.text.* *.glue*)
 .text.systick_isr_C1
                0x00200040       0x28 build/syslib/at91sam7s-gnu/lego_nxt/hw_sys_timer.oram
                0x00200040                systick_isr_C1
 *fill*         0x00200068        0x8 00
 .text          0x00200070      0x230 build/config/at91sam7s-gnu/cpu_support.oram
                0x00200250                enable_int
                0x002000f0                start_dispatch
                0x002000b0                activate_r
                0x00200248                disable_int
                0x00200070                dispatch
                0x0020021c                int_return
                0x002001ac                _interrupt
                0x002000e0                exit_and_dispatch
                0x00200258                nop
 .text          0x002002a0      0x2c0 build/config/at91sam7s-gnu/irq.oram
                0x002002a0                default_isr
                0x0020042c                uart_isr_entry_0
                0x002003ac                twi_isr_entry
                0x0020046c                uart_isr_entry_1
                0x0020036c                spi_isr_entry
                0x002002ec                systick_low_priority_entry
                0x002004ac                nxt_motor_isr_entry
                0x002004ec                i2c_timer_isr_entry
                0x002002a0                default_fiq
                0x002002a4                systick_isr_entry
                0x002002a0                spurious_isr
                0x002003ec                sound_isr_entry
                0x0020032c                udp_isr_entry
 .text.uart_process_isr
                0x00200560       0x88 ../ecrobot/../ecrobot/libecrobot.a(uart.oram)
 .text.uart_isr_C_0
                0x002005e8        0xc ../ecrobot/../ecrobot/libecrobot.a(uart.oram)
                0x002005e8                uart_isr_C_0
 .text.uart_isr_C_1
                0x002005f4        0xc ../ecrobot/../ecrobot/libecrobot.a(uart.oram)
                0x002005f4                uart_isr_C_1
 .text.systick_low_priority_C
                0x00200600       0x1c ../ecrobot/../ecrobot/libecrobot.a(systick.oram)
                0x00200600                systick_low_priority_C
 .text.systick_isr_C
                0x0020061c       0x24 ../ecrobot/../ecrobot/libecrobot.a(systick.oram)
                0x0020061c                systick_isr_C
 .text.systick_get_ms
                0x00200640        0xc ../ecrobot/../ecrobot/libecrobot.a(systick.oram)
                0x00200640                systick_get_ms
 .text.systick_wait_ms
                0x0020064c       0x1c ../ecrobot/../ecrobot/libecrobot.a(systick.oram)
                0x0020064c                systick_wait_ms
 .text.systick_wait_ns
                0x00200668       0x1c ../ecrobot/../ecrobot/libecrobot.a(systick.oram)
                0x00200668                systick_wait_ns
 .text.systick_init
                0x00200684       0x58 ../ecrobot/../ecrobot/libecrobot.a(systick.oram)
                0x00200684                systick_init
 .text.systick_suspend
                0x002006dc        0xc ../ecrobot/../ecrobot/libecrobot.a(systick.oram)
                0x002006dc                systick_suspend
 .text.systick_resume
                0x002006e8        0xc ../ecrobot/../ecrobot/libecrobot.a(systick.oram)
                0x002006e8                systick_resume
 .text.byte_fifo_put
                0x002006f4       0x58 ../ecrobot/../ecrobot/libecrobot.a(byte_fifo.oram)
                0x002006f4                byte_fifo_put
 .text.byte_fifo_get
                0x0020074c       0x2c ../ecrobot/../ecrobot/libecrobot.a(byte_fifo.oram)
                0x0020074c                byte_fifo_get
 .text.aic_initialise
                0x00200778       0x5c ../ecrobot/../ecrobot/libecrobot.a(aic.oram)
                0x00200778                aic_initialise
 .text.aic_set_vector
                0x002007d4       0x30 ../ecrobot/../ecrobot/libecrobot.a(aic.oram)
                0x002007d4                aic_set_vector
 .text.aic_mask_on
                0x00200804       0x24 ../ecrobot/../ecrobot/libecrobot.a(aic.oram)
                0x00200804                aic_mask_on
 .text.aic_mask_off
                0x00200828       0x24 ../ecrobot/../ecrobot/libecrobot.a(aic.oram)
                0x00200828                aic_mask_off
 .text.aic_clear
                0x0020084c       0x24 ../ecrobot/../ecrobot/libecrobot.a(aic.oram)
                0x0020084c                aic_clear
 .text.reset    0x00200870       0x4c ../ecrobot/../ecrobot/libecrobot.a(udp.oram)
 .text.udp_send_null
                0x002008bc       0x2c ../ecrobot/../ecrobot/libecrobot.a(udp.oram)
 .text.udp_send_stall
                0x002008e8       0x2c ../ecrobot/../ecrobot/libecrobot.a(udp.oram)
 .text.udp_send_control
                0x00200914       0x60 ../ecrobot/../ecrobot/libecrobot.a(udp.oram)
 .text.udp_isr_C
                0x00200974      0x7d0 ../ecrobot/../ecrobot/libecrobot.a(udp.oram)
                0x00200974                udp_isr_C
 .text.twi_status
                0x00201144       0x20 ../ecrobot/../ecrobot/libecrobot.a(twi.oram)
                0x00201144                twi_status
 .text.twi_isr_C
                0x00201164       0xc4 ../ecrobot/../ecrobot/libecrobot.a(twi.oram)
                0x00201164                twi_isr_C
 .text.twi_reset
                0x00201228       0xb4 ../ecrobot/../ecrobot/libecrobot.a(twi.oram)
                0x00201228                twi_reset
 .text.twi_init
                0x002012dc       0x4c ../ecrobot/../ecrobot/libecrobot.a(twi.oram)
                0x002012dc                twi_init
 .text.twi_start_read
                0x00201328       0x60 ../ecrobot/../ecrobot/libecrobot.a(twi.oram)
                0x00201328                twi_start_read
 .text.twi_start_write
                0x00201388       0x64 ../ecrobot/../ecrobot/libecrobot.a(twi.oram)
                0x00201388                twi_start_write
 .text.spi_set_mode
                0x002013ec       0x40 ../ecrobot/../ecrobot/libecrobot.a(nxt_spi.oram)
 .text.spi_isr_C
                0x0020142c       0x8c ../ecrobot/../ecrobot/libecrobot.a(nxt_spi.oram)
                0x0020142c                spi_isr_C
 .text.nxt_spi_init
                0x002014b8      0x12c ../ecrobot/../ecrobot/libecrobot.a(nxt_spi.oram)
                0x002014b8                nxt_spi_init
 .text.nxt_spi_write
                0x002015e4       0x44 ../ecrobot/../ecrobot/libecrobot.a(nxt_spi.oram)
                0x002015e4                nxt_spi_write
 .text.nxt_spi_set_display
                0x00201628       0x10 ../ecrobot/../ecrobot/libecrobot.a(nxt_spi.oram)
                0x00201628                nxt_spi_set_display
 .text.nxt_spi_refresh
                0x00201638       0x24 ../ecrobot/../ecrobot/libecrobot.a(nxt_spi.oram)
                0x00201638                nxt_spi_refresh
 .text.nxt_motor_get_count
                0x0020165c       0x14 ../ecrobot/../ecrobot/libecrobot.a(nxt_motors.oram)
                0x0020165c                nxt_motor_get_count
 .text.nxt_motor_set_count
                0x00201670       0x10 ../ecrobot/../ecrobot/libecrobot.a(nxt_motors.oram)
                0x00201670                nxt_motor_set_count
 .text.nxt_motor_set_speed
                0x00201680       0x34 ../ecrobot/../ecrobot/libecrobot.a(nxt_motors.oram)
                0x00201680                nxt_motor_set_speed
 .text.nxt_motor_1kHz_process
                0x002016b4       0x28 ../ecrobot/../ecrobot/libecrobot.a(nxt_motors.oram)
                0x002016b4                nxt_motor_1kHz_process
 .text.nxt_motor_quad_decode
                0x002016dc       0x30 ../ecrobot/../ecrobot/libecrobot.a(nxt_motors.oram)
                0x002016dc                nxt_motor_quad_decode
 .text.nxt_motor_isr_C
                0x0020170c       0x88 ../ecrobot/../ecrobot/libecrobot.a(nxt_motors.oram)
                0x0020170c                nxt_motor_isr_C
 .text.nxt_motor_init
                0x00201794       0x68 ../ecrobot/../ecrobot/libecrobot.a(nxt_motors.oram)
                0x00201794                nxt_motor_init
 .text.data_abort_C
                0x002017fc       0x7c ../ecrobot/../ecrobot/libecrobot.a(data_abort.oram)
                0x002017fc                data_abort_C
 .text.display_update
                0x00201878       0x14 ../ecrobot/../ecrobot/libecrobot.a(display.oram)
                0x00201878                display_update
 .text.display_force_update
                0x0020188c        0xc ../ecrobot/../ecrobot/libecrobot.a(display.oram)
                0x0020188c                display_force_update
 .text.display_clear
                0x00201898       0x24 ../ecrobot/../ecrobot/libecrobot.a(display.oram)
                0x00201898                display_clear
 .text.display_goto_xy
                0x002018bc       0x14 ../ecrobot/../ecrobot/libecrobot.a(display.oram)
                0x002018bc                display_goto_xy
 .text.display_char
                0x002018d0       0x60 ../ecrobot/../ecrobot/libecrobot.a(display.oram)
                0x002018d0                display_char
 .text.display_string
                0x00201930       0x3c ../ecrobot/../ecrobot/libecrobot.a(display.oram)
                0x00201930                display_string
 .text.display_hex
                0x0020196c       0x50 ../ecrobot/../ecrobot/libecrobot.a(display.oram)
                0x0020196c                display_hex
 .text.display_unsigned_worker
                0x002019bc       0x70 ../ecrobot/../ecrobot/libecrobot.a(display.oram)
 .text.display_unsigned
                0x00201a2c        0xc ../ecrobot/../ecrobot/libecrobot.a(display.oram)
                0x00201a2c                display_unsigned
 .text.display_bitmap_copy
                0x00201a38       0x5c ../ecrobot/../ecrobot/libecrobot.a(display.oram)
                0x00201a38                display_bitmap_copy
 .text.display_init
                0x00201a94       0x50 ../ecrobot/../ecrobot/libecrobot.a(display.oram)
                0x00201a94                display_init
 .text.i2c_timer_isr_C
                0x00201ae4      0x314 ../ecrobot/../ecrobot/libecrobot.a(i2c.oram)
                0x00201ae4                i2c_timer_isr_C
 .text.i2c_disable
                0x00201df8       0x20 ../ecrobot/../ecrobot/libecrobot.a(i2c.oram)
                0x00201df8                i2c_disable
 .text.i2c_init
                0x00201e18       0xa4 ../ecrobot/../ecrobot/libecrobot.a(i2c.oram)
                0x00201e18                i2c_init
 .text.sound_fill_sample_buffer
                0x00201ebc       0xe4 ../ecrobot/../ecrobot/libecrobot.a(sound.oram)
                0x00201ebc                sound_fill_sample_buffer
 .text.sound_init
                0x00201fa0       0xa0 ../ecrobot/../ecrobot/libecrobot.a(sound.oram)
                0x00201fa0                sound_init
 .text.sound_isr_C
                0x00202040      0x144 ../ecrobot/../ecrobot/libecrobot.a(sound.oram)
                0x00202040                sound_isr_C
 .text.bt_init  0x00202184      0x1c0 ../ecrobot/../ecrobot/libecrobot.a(bt.oram)
                0x00202184                bt_init
 .text.nxt_avr_power_down
                0x00202344       0x10 ../ecrobot/../ecrobot/libecrobot.a(nxt_avr.oram)
                0x00202344                nxt_avr_power_down
 .text.nxt_avr_link_init
                0x00202354       0x20 ../ecrobot/../ecrobot/libecrobot.a(nxt_avr.oram)
                0x00202354                nxt_avr_link_init
 .text.nxt_avr_init
                0x00202374       0x6c ../ecrobot/../ecrobot/libecrobot.a(nxt_avr.oram)
                0x00202374                nxt_avr_init
 .text.nxt_avr_1kHz_update
                0x002023e0      0x1cc ../ecrobot/../ecrobot/libecrobot.a(nxt_avr.oram)
                0x002023e0                nxt_avr_1kHz_update
 .text.buttons_get
                0x002025ac        0xc ../ecrobot/../ecrobot/libecrobot.a(nxt_avr.oram)
                0x002025ac                buttons_get
 .text.battery_voltage
                0x002025b8       0x28 ../ecrobot/../ecrobot/libecrobot.a(nxt_avr.oram)
                0x002025b8                battery_voltage
 .text.nxt_avr_set_motor
                0x002025e0       0x34 ../ecrobot/../ecrobot/libecrobot.a(nxt_avr.oram)
                0x002025e0                nxt_avr_set_motor
 .text.nxt_avr_set_input_power
                0x00202614       0x3c ../ecrobot/../ecrobot/libecrobot.a(nxt_avr.oram)
                0x00202614                nxt_avr_set_input_power
 .text.unset_digi0
                0x00202650       0x44 ../ecrobot/../ecrobot/libecrobot.a(sensors.oram)
                0x00202650                unset_digi0
 .text.unset_digi1
                0x00202694       0x44 ../ecrobot/../ecrobot/libecrobot.a(sensors.oram)
                0x00202694                unset_digi1
 .text.init_sensors
                0x002026d8       0x4c ../ecrobot/../ecrobot/libecrobot.a(sensors.oram)
                0x002026d8                init_sensors
 .text.nxt_lcd_command
                0x00202724       0x18 ../ecrobot/../ecrobot/libecrobot.a(nxt_lcd.oram)
                0x00202724                nxt_lcd_command
 .text.nxt_lcd_set_col
                0x0020273c       0x24 ../ecrobot/../ecrobot/libecrobot.a(nxt_lcd.oram)
                0x0020273c                nxt_lcd_set_col
 .text.nxt_lcd_set_multiplex_rate
                0x00202760       0x18 ../ecrobot/../ecrobot/libecrobot.a(nxt_lcd.oram)
                0x00202760                nxt_lcd_set_multiplex_rate
 .text.nxt_lcd_set_page_address
                0x00202778       0x18 ../ecrobot/../ecrobot/libecrobot.a(nxt_lcd.oram)
                0x00202778                nxt_lcd_set_page_address
 .text.nxt_lcd_set_pot
                0x00202790       0x1c ../ecrobot/../ecrobot/libecrobot.a(nxt_lcd.oram)
                0x00202790                nxt_lcd_set_pot
 .text.nxt_lcd_set_ram_address_control
                0x002027ac       0x18 ../ecrobot/../ecrobot/libecrobot.a(nxt_lcd.oram)
                0x002027ac                nxt_lcd_set_ram_address_control
 .text.nxt_lcd_enable
                0x002027c4       0x14 ../ecrobot/../ecrobot/libecrobot.a(nxt_lcd.oram)
                0x002027c4                nxt_lcd_enable
 .text.nxt_lcd_set_map_control
                0x002027d8       0x18 ../ecrobot/../ecrobot/libecrobot.a(nxt_lcd.oram)
                0x002027d8                nxt_lcd_set_map_control
 .text.nxt_lcd_reset
                0x002027f0        0xc ../ecrobot/../ecrobot/libecrobot.a(nxt_lcd.oram)
                0x002027f0                nxt_lcd_reset
 .text.nxt_lcd_set_bias_ratio
                0x002027fc       0x18 ../ecrobot/../ecrobot/libecrobot.a(nxt_lcd.oram)
                0x002027fc                nxt_lcd_set_bias_ratio
 .text.nxt_lcd_force_update
                0x00202814       0x30 ../ecrobot/../ecrobot/libecrobot.a(nxt_lcd.oram)
                0x00202814                nxt_lcd_force_update
 .text.nxt_lcd_update
                0x00202844        0xc ../ecrobot/../ecrobot/libecrobot.a(nxt_lcd.oram)
                0x00202844                nxt_lcd_update
 .text.nxt_lcd_power_up
                0x00202850       0x48 ../ecrobot/../ecrobot/libecrobot.a(nxt_lcd.oram)
                0x00202850                nxt_lcd_power_up
 .text.nxt_lcd_power_down
                0x00202898        0xc ../ecrobot/../ecrobot/libecrobot.a(nxt_lcd.oram)
                0x00202898                nxt_lcd_power_down
 .text.nxt_lcd_init
                0x002028a4       0x18 ../ecrobot/../ecrobot/libecrobot.a(nxt_lcd.oram)
                0x002028a4                nxt_lcd_init
 .text.verify_flash_page
                0x002028bc       0x34 ../ecrobot/../ecrobot/libecrobot.a(flash_loader.oram)
 .text.set_flash_request
                0x002028f0       0x38 ../ecrobot/../ecrobot/libecrobot.a(flash_loader.oram)
                0x002028f0                set_flash_request
 .text.nxt_device_init
                0x00202928       0x38 ../ecrobot/../ecrobot/libecrobot.a(flash_loader.oram)
                0x00202928                nxt_device_init
 .text          0x00202960       0x68 ../ecrobot/../ecrobot/libecrobot.a(interrupts.oram)
                0x002029b8                fiq_enable
                0x00202960                interrupts_get_and_disable
                0x00202994                fiq_get_and_disable
                0x00202984                interrupts_enable
 .text.flash_write_page
                0x002029c8       0xc0 ../ecrobot/../ecrobot/libecrobot.a(flashprog.oram)
                0x002029c8                flash_write_page
                0x00202a90                . = ALIGN (0x10)
 *fill*         0x00202a88        0x8 00
 *.oram(*.rodata *.rodata.*)
 .rodata.ld     0x00202a90        0x4 ../ecrobot/../ecrobot/libecrobot.a(udp.oram)
 .rodata.cfd    0x00202a94       0x20 ../ecrobot/../ecrobot/libecrobot.a(udp.oram)
 .rodata.dd     0x00202ab4       0x12 ../ecrobot/../ecrobot/libecrobot.a(udp.oram)
 *fill*         0x00202ac6        0x2 00
 .rodata.str1.4
                0x00202ac8       0x22 ../ecrobot/../ecrobot/libecrobot.a(data_abort.oram)
                                 0x24 (size before relaxing)
 .rodata.font   0x00202aea      0x280 ../ecrobot/../ecrobot/libecrobot.a(display.oram)
 *fill*         0x00202d6a        0x2 00
 .rodata.str1.4
                0x00202d6c       0x76 ../ecrobot/../ecrobot/libecrobot.a(display.oram)
                                 0x78 (size before relaxing)
 *fill*         0x00202de2        0x2 00
 .rodata.i2c_pin
                0x00202de4       0x20 ../ecrobot/../ecrobot/libecrobot.a(i2c.oram)
 .rodata.i2c_timer_isr_C
                0x00202e04       0x38 ../ecrobot/../ecrobot/libecrobot.a(i2c.oram)
 .rodata.silence
                0x00202e3c       0x40 ../ecrobot/../ecrobot/libecrobot.a(sound.oram)
                0x00202e3c                silence
 .rodata.sample_pattern
                0x00202e7c       0x84 ../ecrobot/../ecrobot/libecrobot.a(sound.oram)
                0x00202e7c                sample_pattern
 .rodata        0x00202f00        0xc ../ecrobot/../ecrobot/libecrobot.a(sound.oram)
 .rodata.avr_brainwash_string
                0x00202f0c       0x30 ../ecrobot/../ecrobot/libecrobot.a(nxt_avr.oram)
                0x00202f0c                avr_brainwash_string
 .rodata.nxt_avr_1kHz_update
                0x00202f3c       0x14 ../ecrobot/../ecrobot/libecrobot.a(nxt_avr.oram)
 .rodata.C.33.1823
                0x00202f50       0x10 ../ecrobot/../ecrobot/libecrobot.a(sensors.oram)
 .rodata.C.37.1857
                0x00202f60       0x10 ../ecrobot/../ecrobot/libecrobot.a(sensors.oram)
 .rodata.str1.4
                0x00202f70       0x23 ../ecrobot/../ecrobot/libecrobot.a(flash_loader.oram)
                                 0x24 (size before relaxing)
                0x00202fa0                . = ALIGN (0x10)
 *fill*         0x00202f93        0xd 00
                0x00200040                __ramtext_ram_start__ = ADDR (.ram_text)
                0x00202fa0                __ramtext_ram_end__ = (ADDR (.ram_text) + SIZEOF (.ram_text))
                0x001082c0                __ramtext_load_start__ = LOADADDR (.ram_text)
                0x0010b220                __ramtext_load_end__ = (__ramtext_load_start__ + SIZEOF (.ram_text))

.wav_data       0x0010b220        0x0
 *.owav(*.data *.data.*)
                0x0010b220                . = ALIGN (0x10)

.bmp_data       0x0010b220      0x440
 *.obmp(*.data *.data.*)
 .data          0x0010b220      0x43e ../ecrobot/../ecrobot/libecrobot.a(nxtosek_splash.obmp)
                0x0010b220                nxtosek_splash_bmp_start
                0x0010b65e                nxtosek_splash_bmp_end
                0x0010b660                . = ALIGN (0x10)
 *fill*         0x0010b65e        0x2 00

.spr_data       0x0010b660        0x0
 *.ospr(*.data *.data.*)
                0x0010b660                . = ALIGN (0x10)

.data           0x00202fa0       0x60 load address 0x0010b660
 *(*.data *.data.*)
 .data.velocidadC
                0x00202fa0        0x4 build/practica_1a.o
                0x00202fa0                velocidadC
 .data.velocidadB
                0x00202fa4        0x4 build/practica_1a.o
                0x00202fa4                velocidadB
 .data.deviceStatus
                0x00202fa8        0x1 ../ecrobot/../ecrobot/libecrobot.a(ecrobot_interface.o)
 .data.named    0x00202fa9       0x22 ../ecrobot/../ecrobot/libecrobot.a(udp.oram)
 .data.snd      0x00202fcb       0x1a ../ecrobot/../ecrobot/libecrobot.a(udp.oram)
 *fill*         0x00202fe5        0x3 00
 .data.configured
                0x00202fe8        0x4 ../ecrobot/../ecrobot/libecrobot.a(udp.oram)
 .data.mode     0x00202fec        0x1 ../ecrobot/../ecrobot/libecrobot.a(nxt_spi.oram)
                0x00202fec                mode
 *fill*         0x00202fed        0x3 00
 .bss.data      0x00202ff0        0x4 ../ecrobot/../ecrobot/libecrobot.a(nxt_spi.oram)
                0x00202ff0                data
 .data.display_auto_update
                0x00202ff4        0x4 ../ecrobot/../ecrobot/libecrobot.a(display.oram)
                0x00202ff4                display_auto_update
 .data.display_buffer
                0x00202ff8        0x4 ../ecrobot/../ecrobot/libecrobot.a(display.oram)
                0x00203000                . = ALIGN (0x10)
 *fill*         0x00202ffc        0x4 00
                0x00202fa0                __data_ram_start__ = ADDR (.data)
                0x00203000                __data_ram_end__ = (ADDR (.data) + SIZEOF (.data))
                0x0010b660                __data_load_start__ = LOADADDR (.data)
                0x0010b6c0                __data_load_end__ = (__data_load_start__ + SIZEOF (.data))

.text           0x0010b6c0     0x1440
                0x0010b6c0                . = ALIGN (0x10)
 *(*.text *.text.* *.glue*)
 .text.enqueue_alarm
                0x0010b6c0       0x90 build/kernel/alarm.o
 .text.alarm_initialize
                0x0010b750       0x98 build/kernel/alarm.o
                0x0010b750                alarm_initialize
 .text.CancelAlarm
                0x0010b7e8       0x9c build/kernel/alarm.o
                0x0010b7e8                CancelAlarm
 .text.SignalCounter
                0x0010b884      0x138 build/kernel/alarm.o
                0x0010b884                SignalCounter
 .text.StartOS  0x0010b9bc       0x58 build/kernel/osctl.o
                0x0010b9bc                StartOS
 .text.ShutdownOS
                0x0010ba14       0x4c build/kernel/osctl.o
                0x0010ba14                ShutdownOS
 .text.call_pretaskhook
                0x0010ba60       0x24 build/kernel/osctl.o
                0x0010ba60                call_pretaskhook
 .text.call_errorhook
                0x0010ba84       0x78 build/kernel/osctl.o
                0x0010ba84                call_errorhook
 .text.call_posttaskhook
                0x0010bafc       0x24 build/kernel/osctl.o
                0x0010bafc                call_posttaskhook
 .text.search_schedtsk
                0x0010bb20       0x94 build/kernel/task.o
                0x0010bb20                search_schedtsk
 .text.make_runnable
                0x0010bbb4       0xac build/kernel/task.o
                0x0010bbb4                make_runnable
 .text.make_active
                0x0010bc60       0x78 build/kernel/task.o
                0x0010bc60                make_active
 .text.task_initialize
                0x0010bcd8       0x90 build/kernel/task.o
                0x0010bcd8                task_initialize
 .text.ActivateTask
                0x0010bd68       0x8c build/kernel/task_manage.o
                0x0010bd68                ActivateTask
 .text.TerminateTask
                0x0010bdf4       0x74 build/kernel/task_manage.o
                0x0010bdf4                TerminateTask
 .text.ChainTask
                0x0010be68       0xcc build/kernel/task_manage.o
                0x0010be68                ChainTask
 .text.cpu_initialize
                0x0010bf34        0x4 build/config/at91sam7s-gnu/cpu_config.o
                0x0010bf34                cpu_initialize
 .text.cpu_terminate
                0x0010bf38        0x4 build/config/at91sam7s-gnu/cpu_config.o
                0x0010bf38                cpu_terminate
 .text.sys_initialize
                0x0010bf3c        0x4 build/config/at91sam7s-gnu/lego_nxt/sys_config.o
                0x0010bf3c                sys_initialize
 .text.sys_exit
                0x0010bf40        0x4 build/config/at91sam7s-gnu/lego_nxt/sys_config.o
                0x0010bf40                sys_exit
 .text._activate_alarm_alarma
                0x0010bf44        0xc build/./kernel_cfg.o
 .text.object_initialize
                0x0010bf50       0x10 build/./kernel_cfg.o
                0x0010bf50                object_initialize
 .text.init_OS_flag
                0x0010bf60        0xc build/ecrobot_base.o
                0x0010bf60                init_OS_flag
 .text.set_OS_flag
                0x0010bf6c        0xc build/ecrobot_base.o
                0x0010bf6c                set_OS_flag
 .text.get_OS_flag
                0x0010bf78        0xc build/ecrobot_base.o
                0x0010bf78                get_OS_flag
 .text.cpp_constructor
                0x0010bf84       0x28 build/ecrobot_base.o
                0x0010bf84                cpp_constructor
 .text.cpp_destructor
                0x0010bfac       0x28 build/ecrobot_base.o
                0x0010bfac                cpp_destructor
 .text.execution_mode
                0x0010bfd4       0x24 build/ecrobot_base.o
                0x0010bfd4                execution_mode
 .text.show_main_screen
                0x0010bff8       0x48 build/ecrobot_base.o
                0x0010bff8                show_main_screen
 .text.display_status_bar
                0x0010c040       0x5c build/ecrobot_base.o
                0x0010c040                display_status_bar
 .text.check_NXT_buttons
                0x0010c09c       0x7c build/ecrobot_base.o
                0x0010c09c                check_NXT_buttons
 .text.add_status_info
                0x0010c118       0x68 build/ecrobot_base.o
                0x0010c118                add_status_info
 .text.show_splash_screen
                0x0010c180       0x90 build/ecrobot_base.o
                0x0010c180                show_splash_screen
 .text.main     0x0010c210      0x108 build/ecrobot.o
                0x0010c210                main
 .text.user_1ms_isr_type2
                0x0010c318       0x14 build/practica_1a.o
                0x0010c318                user_1ms_isr_type2
 .text.TaskMainAvance
                0x0010c32c       0x4c build/practica_1a.o
                0x0010c32c                TaskMainAvance
 .text.TaskMainCalibrar
                0x0010c378       0x94 build/practica_1a.o
                0x0010c378                TaskMainCalibrar
 .text.TaskMainFinal
                0x0010c40c       0x7c build/practica_1a.o
                0x0010c40c                TaskMainFinal
 .text.ecrobot_device_initialize
                0x0010c488        0x4 ../ecrobot/../ecrobot/libecrobot.a(ecrobot_device_hook.o)
                0x0010c488                ecrobot_device_initialize
 .text.ecrobot_device_terminate
                0x0010c48c        0x4 ../ecrobot/../ecrobot/libecrobot.a(ecrobot_device_hook.o)
                0x0010c48c                ecrobot_device_terminate
 .text.ecrobot_get_battery_voltage
                0x0010c490        0xc ../ecrobot/../ecrobot/libecrobot.a(ecrobot_interface.o)
                0x0010c490                ecrobot_get_battery_voltage
 .text.ecrobot_get_button_state
                0x0010c49c        0xc ../ecrobot/../ecrobot/libecrobot.a(ecrobot_interface.o)
                0x0010c49c                ecrobot_get_button_state
 .text.ecrobot_init_nxtstate
                0x0010c4a8       0x28 ../ecrobot/../ecrobot/libecrobot.a(ecrobot_interface.o)
                0x0010c4a8                ecrobot_init_nxtstate
 .text.ecrobot_poll_nxtstate
                0x0010c4d0       0x64 ../ecrobot/../ecrobot/libecrobot.a(ecrobot_interface.o)
                0x0010c4d0                ecrobot_poll_nxtstate
 .text.ecrobot_setDeviceInitialized
                0x0010c534       0x14 ../ecrobot/../ecrobot/libecrobot.a(ecrobot_interface.o)
                0x0010c534                ecrobot_setDeviceInitialized
 .text.ecrobot_bmp2lcd
                0x0010c548      0x1c8 ../ecrobot/../ecrobot/libecrobot.a(ecrobot_interface.o)
                0x0010c548                ecrobot_bmp2lcd
 .text.StartupHook
                0x0010c710        0x4 ../ecrobot/../ecrobot/libecrobot.a(osek_hook.o)
                0x0010c710                StartupHook
 .text.PreTaskHook
                0x0010c714        0x4 ../ecrobot/../ecrobot/libecrobot.a(osek_hook.o)
                0x0010c714                PreTaskHook
 .text.PostTaskHook
                0x0010c718        0x4 ../ecrobot/../ecrobot/libecrobot.a(osek_hook.o)
                0x0010c718                PostTaskHook
 .text.ErrorHook
                0x0010c71c        0x4 ../ecrobot/../ecrobot/libecrobot.a(osek_hook.o)
                0x0010c71c                ErrorHook
 .text.ShutdownHook
                0x0010c720        0x4 ../ecrobot/../ecrobot/libecrobot.a(osek_hook.o)
                0x0010c720                ShutdownHook
 .text          0x0010c724       0x8c /cygdrive/C/cygwin/GNUARM/bin/../lib/gcc/arm-elf/4.0.2/thumb/interwork/libgcc.a(_udivsi3.o)
                0x0010c724                __udivsi3
                0x0010c7a0                __aeabi_uidivmod
 .text          0x0010c7b0       0xc8 /cygdrive/C/cygwin/GNUARM/bin/../lib/gcc/arm-elf/4.0.2/thumb/interwork/libgcc.a(_umodsi3.o)
                0x0010c7b0                __umodsi3
 .text          0x0010c878        0x4 /cygdrive/C/cygwin/GNUARM/bin/../lib/gcc/arm-elf/4.0.2/thumb/interwork/libgcc.a(_dvmd_tls.o)
                0x0010c878                __aeabi_ldiv0
                0x0010c878                __div0
                0x0010c878                __aeabi_idiv0
 .text          0x0010c87c       0x68 /cygdrive/C/cygwin/GNUARM/bin/../lib/gcc/arm-elf/4.0.2/../../../../arm-elf/lib/thumb/interwork/libc.a(memset.o)
                0x0010c87c                memset
 .text          0x0010c8e4       0x60 /cygdrive/C/cygwin/GNUARM/bin/../lib/gcc/arm-elf/4.0.2/../../../../arm-elf/lib/thumb/interwork/libc.a(strcpy.o)
                0x0010c8e4                strcpy
 .text          0x0010c944       0x48 /cygdrive/C/cygwin/GNUARM/bin/../lib/gcc/arm-elf/4.0.2/../../../../arm-elf/lib/thumb/interwork/libc.a(strlen.o)
                0x0010c944                strlen
 .glue_7        0x0010c98c       0x30 /cygdrive/C/cygwin/GNUARM/bin/../lib/gcc/arm-elf/4.0.2/../../../../arm-elf/lib/thumb/interwork/libc.a(strncpy.o)
                0x0010c9a4                __call_posttaskhook_from_arm
                0x0010c98d                __ecrobot_debug1_from_arm
                0x0010c999                __ecrobot_debug2_from_arm
                0x0010c9b0                __call_pretaskhook_from_arm
 .glue_7t       0x0010c9bc       0x48 /cygdrive/C/cygwin/GNUARM/bin/../lib/gcc/arm-elf/4.0.2/../../../../arm-elf/lib/thumb/interwork/libc.a(strncpy.o)
                0x0010c9e8                __start_change_to_arm
                0x0010c9ec                __interrupts_get_and_disable_from_thumb
                0x0010c9dc                __exit_and_dispatch_from_thumb
                0x0010c9e0                __exit_and_dispatch_change_to_arm
                0x0010c9bc                __disable_int_from_thumb
                0x0010c9d4                __start_dispatch_from_thumb
                0x0010c9e4                __start_from_thumb
                0x0010c9c4                __enable_int_from_thumb
                0x0010c9cc                __dispatch_from_thumb
                0x0010c9f8                __interrupts_enable_change_to_arm
                0x0010c9f0                __interrupts_get_and_disable_change_to_arm
                0x0010c9d0                __dispatch_change_to_arm
                0x0010c9fd                __display_bios_status_from_thumb
                0x0010c9c0                __disable_int_change_to_arm
                0x0010c9c8                __enable_int_change_to_arm
                0x0010c9f4                __interrupts_enable_from_thumb
                0x0010ca00                __display_bios_status_change_to_arm
                0x0010c9d8                __start_dispatch_change_to_arm
                0x0010ca10                . = ALIGN (0x10)
 *fill*         0x0010ca04        0xc 00
 *(*.rodata *.rodata.*)
 .rodata.search_table.966
                0x0010ca10        0xf build/kernel/task.o
 *fill*         0x0010ca1f        0x1 00
 .rodata.alminib_cycle
                0x0010ca20        0x4 build/./kernel_cfg.o
                0x0010ca20                alminib_cycle
 .rodata.alminib_almval
                0x0010ca24        0x4 build/./kernel_cfg.o
                0x0010ca24                alminib_almval
 .rodata.alminib_autosta
                0x0010ca28        0x1 build/./kernel_cfg.o
                0x0010ca28                alminib_autosta
 *fill*         0x0010ca29        0x3 00
 .rodata.alminib_cback
                0x0010ca2c        0x4 build/./kernel_cfg.o
                0x0010ca2c                alminib_cback
 .rodata.alminib_cntid
                0x0010ca30        0x1 build/./kernel_cfg.o
                0x0010ca30                alminib_cntid
 .rodata.alarma
                0x0010ca31        0x1 build/./kernel_cfg.o
                0x0010ca31                alarma
 *fill*         0x0010ca32        0x2 00
 .rodata.cntinib_tickbase
                0x0010ca34        0x4 build/./kernel_cfg.o
                0x0010ca34                cntinib_tickbase
 .rodata.cntinib_maxval2
                0x0010ca38        0x4 build/./kernel_cfg.o
                0x0010ca38                cntinib_maxval2
 .rodata.contador
                0x0010ca3c        0x1 build/./kernel_cfg.o
                0x0010ca3c                contador
 *fill*         0x0010ca3d        0x1 00
 .rodata.tinib_stksz
                0x0010ca3e        0x6 build/./kernel_cfg.o
                0x0010ca3e                tinib_stksz
 .rodata.tinib_stk
                0x0010ca44        0xc build/./kernel_cfg.o
                0x0010ca44                tinib_stk
 .rodata.tinib_task
                0x0010ca50        0xc build/./kernel_cfg.o
                0x0010ca50                tinib_task
 .rodata.tinib_autoact
                0x0010ca5c        0x3 build/./kernel_cfg.o
                0x0010ca5c                tinib_autoact
 .rodata.tinib_maxact
                0x0010ca5f        0x3 build/./kernel_cfg.o
                0x0010ca5f                tinib_maxact
 .rodata.tinib_exepri
                0x0010ca62        0x3 build/./kernel_cfg.o
                0x0010ca62                tinib_exepri
 .rodata.tinib_inipri
                0x0010ca65        0x3 build/./kernel_cfg.o
                0x0010ca65                tinib_inipri
 .rodata.Final  0x0010ca68        0x1 build/./kernel_cfg.o
                0x0010ca68                Final
 .rodata.tnum_exttask
                0x0010ca69        0x1 build/./kernel_cfg.o
                0x0010ca69                tnum_exttask
 .rodata.tnum_task
                0x0010ca6a        0x1 build/./kernel_cfg.o
                0x0010ca6a                tnum_task
 .rodata.tnum_counter
                0x0010ca6b        0x1 build/./kernel_cfg.o
                0x0010ca6b                tnum_counter
 .rodata.tnum_alarm
                0x0010ca6c        0x1 build/./kernel_cfg.o
                0x0010ca6c                tnum_alarm
 *fill*         0x0010ca6d        0x3 00
 .rodata.exec_addr
                0x0010ca70        0x4 build/ecrobot_base.o
                0x0010ca70                exec_addr
 .rodata.str1.4
                0x0010ca74       0x80 build/ecrobot_base.o
                0x0010cb00                . = ALIGN (0x10)
 *fill*         0x0010caf4        0xc 00
 *(*.gnu.linkonce.* .gcc_except_table)
                0x0010cb00                . = ALIGN (0x10)

.tors           0x0010cb00        0x0
                0x0010cb00                . = ALIGN (0x10)
                0x0010cb00                __ctor_begin = .
 *(*.ctors*)
                0x0010cb00                __ctor_end = .
                0x0010cb00                . = ALIGN (0x10)
                0x0010cb00                __dtor_begin = .
 *(*.dtors*)
                0x0010cb00                __dtor_end = .
                0x0010cb00                . = ALIGN (0x10)
                0x0010cb00                __rom_end__ = __dtor_end

.bss            0x00203000     0x142c
 *(*.bss *.bss.*)
 .bss.ready_primap
                0x00203000        0x2 build/kernel/task.o
 .bss.ready_queue_last
                0x00203002       0x10 build/kernel/task.o
 .bss.ready_queue_first
                0x00203012       0x10 build/kernel/task.o
 *fill*         0x00203022        0x2 00
 .bss._stack_Calibrar
                0x00203024      0x200 build/./kernel_cfg.o
 .bss._stack_Final
                0x00203224      0x200 build/./kernel_cfg.o
 .bss._stack_Avance
                0x00203424      0x200 build/./kernel_cfg.o
 .bss.status_bar_position
                0x00203624        0x4 build/ecrobot_base.o
 .bss.last_act_time.2534
                0x00203628        0x4 build/ecrobot_base.o
 .bss.lcd.2463  0x0020362c      0x320 build/ecrobot_base.o
 .bss.OS_flag   0x0020394c        0x4 build/ecrobot_base.o
 .bss.status_bar
                0x00203950       0x10 build/ecrobot_base.o
 .bss.buttons_i
                0x00203960        0x4 ../ecrobot/../ecrobot/libecrobot.a(ecrobot_interface.o)
 .bss.buttons_states
                0x00203964       0x14 ../ecrobot/../ecrobot/libecrobot.a(ecrobot_interface.o)
 .bss.ecrobot_inputs
                0x00203978        0x8 ../ecrobot/../ecrobot/libecrobot.a(ecrobot_interface.o)
 .bss.systick_ms
                0x00203980        0x4 ../ecrobot/../ecrobot/libecrobot.a(systick.oram)
 .bss.delayedEnable
                0x00203984        0x1 ../ecrobot/../ecrobot/libecrobot.a(udp.oram)
 *fill*         0x00203985        0x3 00
 .bss.outCnt    0x00203988        0x4 ../ecrobot/../ecrobot/libecrobot.a(udp.oram)
 .bss.outPtr    0x0020398c        0x4 ../ecrobot/../ecrobot/libecrobot.a(udp.oram)
 .bss.newAddress
                0x00203990        0x4 ../ecrobot/../ecrobot/libecrobot.a(udp.oram)
 .bss.currentRxBank
                0x00203994        0x4 ../ecrobot/../ecrobot/libecrobot.a(udp.oram)
 .bss.currentFeatures
                0x00203998        0x4 ../ecrobot/../ecrobot/libecrobot.a(udp.oram)
 .bss.currentConfig
                0x0020399c        0x1 ../ecrobot/../ecrobot/libecrobot.a(udp.oram)
 *fill*         0x0020399d        0x3 00
 .bss.twi_mask  0x002039a0        0x4 ../ecrobot/../ecrobot/libecrobot.a(twi.oram)
 .bss.twi_ptr   0x002039a4        0x4 ../ecrobot/../ecrobot/libecrobot.a(twi.oram)
 .bss.twi_pending
                0x002039a8        0x4 ../ecrobot/../ecrobot/libecrobot.a(twi.oram)
 .bss.twi_state
                0x002039ac        0x4 ../ecrobot/../ecrobot/libecrobot.a(twi.oram)
 .bss.page      0x002039b0        0x1 ../ecrobot/../ecrobot/libecrobot.a(nxt_spi.oram)
                0x002039b0                page
 .bss.dirty     0x002039b1        0x1 ../ecrobot/../ecrobot/libecrobot.a(nxt_spi.oram)
                0x002039b1                dirty
 *fill*         0x002039b2        0x2 00
 .bss.display   0x002039b4        0x4 ../ecrobot/../ecrobot/libecrobot.a(nxt_spi.oram)
                0x002039b4                display
 .bss.interrupts_this_period
                0x002039b8        0x4 ../ecrobot/../ecrobot/libecrobot.a(nxt_motors.oram)
 .bss.nxt_motor_initialised
                0x002039bc        0x4 ../ecrobot/../ecrobot/libecrobot.a(nxt_motors.oram)
 .bss.motor     0x002039c0       0x30 ../ecrobot/../ecrobot/libecrobot.a(nxt_motors.oram)
 .bss.display_tick
                0x002039f0        0x4 ../ecrobot/../ecrobot/libecrobot.a(display.oram)
                0x002039f0                display_tick
 .bss.display_array
                0x002039f4      0x388 ../ecrobot/../ecrobot/libecrobot.a(display.oram)
 .bss.i2c_int_count
                0x00203d7c        0x4 ../ecrobot/../ecrobot/libecrobot.a(i2c.oram)
 .bss.i2c_port  0x00203d80      0x170 ../ecrobot/../ecrobot/libecrobot.a(i2c.oram)
 .bss.sound_mode
                0x00203ef0        0x1 ../ecrobot/../ecrobot/libecrobot.a(sound.oram)
                0x00203ef0                sound_mode
 *fill*         0x00203ef1        0x3 00
 .bss.in_buf_idx
                0x00203ef4        0x4 ../ecrobot/../ecrobot/libecrobot.a(bt.oram)
 .bss.buf_ptr   0x00203ef8        0x4 ../ecrobot/../ecrobot/libecrobot.a(bt.oram)
 .bss.out_buf_ptr
                0x00203efc        0x1 ../ecrobot/../ecrobot/libecrobot.a(bt.oram)
 .bss.in_buf_in_ptr
                0x00203efd        0x1 ../ecrobot/../ecrobot/libecrobot.a(bt.oram)
 .bss.in_buf    0x00203efe      0x100 ../ecrobot/../ecrobot/libecrobot.a(bt.oram)
 *fill*         0x00203ffe        0x2 00
 .bss.link_state
                0x00204000        0x4 ../ecrobot/../ecrobot/libecrobot.a(nxt_avr.oram)
 .bss.update_count
                0x00204004        0x4 ../ecrobot/../ecrobot/libecrobot.a(nxt_avr.oram)
 .bss.nxt_avr_stats
                0x00204008       0x14 ../ecrobot/../ecrobot/libecrobot.a(nxt_avr.oram)
 .bss.debounce_cnt
                0x0020401c        0x2 ../ecrobot/../ecrobot/libecrobot.a(nxt_avr.oram)
 .bss.debounce_state
                0x0020401e        0x2 ../ecrobot/../ecrobot/libecrobot.a(nxt_avr.oram)
 .bss.button_state
                0x00204020        0x2 ../ecrobot/../ecrobot/libecrobot.a(nxt_avr.oram)
 .bss.prev_buttons
                0x00204022        0x2 ../ecrobot/../ecrobot/libecrobot.a(nxt_avr.oram)
 .bss.from_buf  0x00204024        0x4 ../ecrobot/../ecrobot/libecrobot.a(nxt_avr.oram)
 .bss.io_from_avr
                0x00204028        0x4 ../ecrobot/../ecrobot/libecrobot.a(nxt_avr.oram)
 .bss.data_from_avr
                0x0020402c       0x1a ../ecrobot/../ecrobot/libecrobot.a(nxt_avr.oram)
 .bss.data_to_avr
                0x00204046        0x9 ../ecrobot/../ecrobot/libecrobot.a(nxt_avr.oram)
 .bss.io_to_avr
                0x0020404f        0x8 ../ecrobot/../ecrobot/libecrobot.a(nxt_avr.oram)
 *fill*         0x00204057        0x1 00
 .bss.display   0x00204058        0x4 ../ecrobot/../ecrobot/libecrobot.a(nxt_lcd.oram)
                0x00204060                . = ALIGN (0x10)
 *fill*         0x0020405c        0x4 00
                0x00204060                __bss_end__ = .
 COMMON         0x00204060        0x2 build/kernel/interrupt.o
                0x00204060                runisr
                0x00204061                sus_all_cnt
 *fill*         0x00204062        0x2 00
 COMMON         0x00204064       0x10 build/kernel/osctl.o
                0x00204064                callevel
                0x00204065                _errorhook_svcid
                0x00204066                appmode
                0x00204068                _errorhook_par1
                0x0020406c                _errorhook_par3
                0x00204070                _errorhook_par2
 COMMON         0x00204074        0x3 build/kernel/task.o
                0x00204074                runtsk
                0x00204075                schedtsk
                0x00204076                nextpri
 *fill*         0x00204077        0x1 00
 COMMON         0x00204078       0x48 build/./kernel_cfg.o
                0x00204078                tcb_waievt
                0x0020407c                rescb_prevpri
                0x0020407d                almcb_prev
                0x0020407e                tcb_lastres
                0x00204084                almcb_almval
                0x00204088                tcxb_pc
                0x00204094                tcb_next
                0x00204097                tcb_curpri
                0x0020409a                tcb_tstat
                0x0020409d                isrcb_lastres
                0x0020409e                cntcb_almque
                0x0020409f                rescb_prevres
                0x002040a0                tcb_actcnt
                0x002040a4                tcb_curevt
                0x002040a8                almcb_cycle
                0x002040ac                tcxb_sp
                0x002040b8                almcb_next
                0x002040bc                cntcb_curval
 COMMON         0x002040c0       0x44 ../ecrobot/../ecrobot/libecrobot.a(uart.oram)
                0x002040c0                uart
 COMMON         0x00204104        0x4 ../ecrobot/../ecrobot/libecrobot.a(data_abort.oram)
                0x00204104                data_abort_pc
 COMMON         0x00204108        0x8 ../ecrobot/../ecrobot/libecrobot.a(display.oram)
                0x00204108                display_x
                0x0020410c                display_y
 COMMON         0x00204110      0x31c ../ecrobot/../ecrobot/libecrobot.a(sound.oram)
                0x00204110                sample
                0x00203000                __bss_start__ = ADDR (.bss)
                0x0020442c                __bss_end__ = (ADDR (.bss) + SIZEOF (.bss))
                0x0020442c                PROVIDE (end, .)

.heap_area      0x0020442c     0xb74c
                0x0020fb78                . = (. + (0x20fb78 - end))
 *fill*         0x0020442c     0xb74c 00

.stack          0x0020fb78      0x488
                0x0020fbf8                . = (. + 0x80)
 *fill*         0x0020fb78       0x80 00
                0x0020fc00                . = ALIGN (0x10)
 *fill*         0x0020fbf8        0x8 00
                0x0020fc00                __irq_stack__ = .
                0x0020fc00                __system_stack_bottom__ = .
                0x00210000                . = (. + 0x400)
 *fill*         0x0020fc00      0x400 00
                0x00210000                . = ALIGN (0x10)
                0x00210000                __system_stack__ = .
                0x00210000                __system_stack_top__ = .
                0x0020fb78                __stack_start__ = ADDR (.stack)
                0x00210000                __stack_end__ = (ADDR (.stack) + SIZEOF (.stack))
OUTPUT(Practica_1a_rom.elf elf32-littlearm)

.comment        0x00000000      0x34e
 .comment       0x00000000       0x12 build/kernel/alarm.o
 .comment       0x00000012       0x12 build/kernel/event.o
 .comment       0x00000024       0x12 build/kernel/interrupt.o
 .comment       0x00000036       0x12 build/kernel/osctl.o
 .comment       0x00000048       0x12 build/kernel/resource.o
 .comment       0x0000005a       0x12 build/kernel/task.o
 .comment       0x0000006c       0x12 build/kernel/task_manage.o
 .comment       0x0000007e       0x12 build/config/at91sam7s-gnu/cpu_config.o
 .comment       0x00000090       0x12 build/config/at91sam7s-gnu/lego_nxt/sys_config.o
 .comment       0x000000a2       0x12 build/./kernel_cfg.o
 .comment       0x000000b4       0x12 build/syscalls.o
 .comment       0x000000c6       0x12 build/ecrobot_bluetooth.o
 .comment       0x000000d8       0x12 build/ecrobot_base.o
 .comment       0x000000ea       0x12 build/ecrobot.o
 .comment       0x000000fc       0x12 build/practica_1a.o
 .comment       0x0000010e       0x12 build/syslib/at91sam7s-gnu/lego_nxt/hw_sys_timer.oram
 .comment       0x00000120       0x12 ../ecrobot/../ecrobot/libecrobot.a(ecrobot_device_hook.o)
 .comment       0x00000132       0x12 ../ecrobot/../ecrobot/libecrobot.a(ecrobot_interface.o)
 .comment       0x00000144       0x12 ../ecrobot/../ecrobot/libecrobot.a(osek_hook.o)
 .comment       0x00000156       0x12 ../ecrobot/../ecrobot/libecrobot.a(uart.oram)
 .comment       0x00000168       0x12 ../ecrobot/../ecrobot/libecrobot.a(systick.oram)
 .comment       0x0000017a       0x12 ../ecrobot/../ecrobot/libecrobot.a(byte_fifo.oram)
 .comment       0x0000018c       0x12 ../ecrobot/../ecrobot/libecrobot.a(aic.oram)
 .comment       0x0000019e       0x12 ../ecrobot/../ecrobot/libecrobot.a(udp.oram)
 .comment       0x000001b0       0x12 ../ecrobot/../ecrobot/libecrobot.a(twi.oram)
 .comment       0x000001c2       0x12 ../ecrobot/../ecrobot/libecrobot.a(nxt_spi.oram)
 .comment       0x000001d4       0x12 ../ecrobot/../ecrobot/libecrobot.a(nxt_motors.oram)
 .comment       0x000001e6       0x12 ../ecrobot/../ecrobot/libecrobot.a(data_abort.oram)
 .comment       0x000001f8       0x12 ../ecrobot/../ecrobot/libecrobot.a(display.oram)
 .comment       0x0000020a       0x12 ../ecrobot/../ecrobot/libecrobot.a(i2c.oram)
 .comment       0x0000021c       0x12 ../ecrobot/../ecrobot/libecrobot.a(sound.oram)
 .comment       0x0000022e       0x12 ../ecrobot/../ecrobot/libecrobot.a(bt.oram)
 .comment       0x00000240       0x12 ../ecrobot/../ecrobot/libecrobot.a(nxt_avr.oram)
 .comment       0x00000252       0x12 ../ecrobot/../ecrobot/libecrobot.a(sensors.oram)
 .comment       0x00000264       0x12 ../ecrobot/../ecrobot/libecrobot.a(nxt_lcd.oram)
 .comment       0x00000276       0x12 ../ecrobot/../ecrobot/libecrobot.a(flash_loader.oram)
 .comment       0x00000288       0x12 ../ecrobot/../ecrobot/libecrobot.a(ecrobot_usb.o)
 .comment       0x0000029a       0x12 ../ecrobot/../ecrobot/libecrobot.a(flashprog.oram)
 .comment       0x000002ac       0x12 /cygdrive/C/cygwin/GNUARM/bin/../lib/gcc/arm-elf/4.0.2/thumb/interwork/libgcc.a(_muldi3.o)
 .comment       0x000002be       0x12 /cygdrive/C/cygwin/GNUARM/bin/../lib/gcc/arm-elf/4.0.2/thumb/interwork/libgcc.a(_divdi3.o)
 .comment       0x000002d0       0x12 /cygdrive/C/cygwin/GNUARM/bin/../lib/gcc/arm-elf/4.0.2/thumb/interwork/libgcc.a(_clz.o)
 .comment       0x000002e2       0x12 /cygdrive/C/cygwin/GNUARM/bin/../lib/gcc/arm-elf/4.0.2/../../../../arm-elf/lib/thumb/interwork/libc.a(memcpy.o)
 .comment       0x000002f4       0x12 /cygdrive/C/cygwin/GNUARM/bin/../lib/gcc/arm-elf/4.0.2/../../../../arm-elf/lib/thumb/interwork/libc.a(memset.o)
 .comment       0x00000306       0x12 /cygdrive/C/cygwin/GNUARM/bin/../lib/gcc/arm-elf/4.0.2/../../../../arm-elf/lib/thumb/interwork/libc.a(strcmp.o)
 .comment       0x00000318       0x12 /cygdrive/C/cygwin/GNUARM/bin/../lib/gcc/arm-elf/4.0.2/../../../../arm-elf/lib/thumb/interwork/libc.a(strcpy.o)
 .comment       0x0000032a       0x12 /cygdrive/C/cygwin/GNUARM/bin/../lib/gcc/arm-elf/4.0.2/../../../../arm-elf/lib/thumb/interwork/libc.a(strlen.o)
 .comment       0x0000033c       0x12 /cygdrive/C/cygwin/GNUARM/bin/../lib/gcc/arm-elf/4.0.2/../../../../arm-elf/lib/thumb/interwork/libc.a(strncpy.o)

.debug_line     0x00000000      0x7fa
 .debug_line    0x00000000       0x70 /cygdrive/C/cygwin/GNUARM/bin/../lib/gcc/arm-elf/4.0.2/thumb/interwork/libgcc.a(_udivsi3.o)
 .debug_line    0x00000070       0x7c /cygdrive/C/cygwin/GNUARM/bin/../lib/gcc/arm-elf/4.0.2/thumb/interwork/libgcc.a(_divsi3.o)
 .debug_line    0x000000ec       0x68 /cygdrive/C/cygwin/GNUARM/bin/../lib/gcc/arm-elf/4.0.2/thumb/interwork/libgcc.a(_umodsi3.o)
 .debug_line    0x00000154       0x71 /cygdrive/C/cygwin/GNUARM/bin/../lib/gcc/arm-elf/4.0.2/thumb/interwork/libgcc.a(_modsi3.o)
 .debug_line    0x000001c5       0x5a /cygdrive/C/cygwin/GNUARM/bin/../lib/gcc/arm-elf/4.0.2/thumb/interwork/libgcc.a(_dvmd_tls.o)
 .debug_line    0x0000021f       0x61 /cygdrive/C/cygwin/GNUARM/bin/../lib/gcc/arm-elf/4.0.2/thumb/interwork/libgcc.a(_muldi3.o)
 .debug_line    0x00000280      0x122 /cygdrive/C/cygwin/GNUARM/bin/../lib/gcc/arm-elf/4.0.2/thumb/interwork/libgcc.a(_divdi3.o)
 .debug_line    0x000003a2       0x48 /cygdrive/C/cygwin/GNUARM/bin/../lib/gcc/arm-elf/4.0.2/thumb/interwork/libgcc.a(_clz.o)
 .debug_line    0x000003ea       0xc3 /cygdrive/C/cygwin/GNUARM/bin/../lib/gcc/arm-elf/4.0.2/../../../../arm-elf/lib/thumb/interwork/libc.a(memcpy.o)
 .debug_line    0x000004ad       0xd4 /cygdrive/C/cygwin/GNUARM/bin/../lib/gcc/arm-elf/4.0.2/../../../../arm-elf/lib/thumb/interwork/libc.a(memset.o)
 .debug_line    0x00000581       0x88 /cygdrive/C/cygwin/GNUARM/bin/../lib/gcc/arm-elf/4.0.2/../../../../arm-elf/lib/thumb/interwork/libc.a(strcmp.o)
 .debug_line    0x00000609       0x80 /cygdrive/C/cygwin/GNUARM/bin/../lib/gcc/arm-elf/4.0.2/../../../../arm-elf/lib/thumb/interwork/libc.a(strcpy.o)
 .debug_line    0x00000689       0xaf /cygdrive/C/cygwin/GNUARM/bin/../lib/gcc/arm-elf/4.0.2/../../../../arm-elf/lib/thumb/interwork/libc.a(strlen.o)
 .debug_line    0x00000738       0xc2 /cygdrive/C/cygwin/GNUARM/bin/../lib/gcc/arm-elf/4.0.2/../../../../arm-elf/lib/thumb/interwork/libc.a(strncpy.o)

.debug_info     0x00000000     0x123f
 .debug_info    0x00000000       0x6a /cygdrive/C/cygwin/GNUARM/bin/../lib/gcc/arm-elf/4.0.2/thumb/interwork/libgcc.a(_udivsi3.o)
 .debug_info    0x0000006a       0x6a /cygdrive/C/cygwin/GNUARM/bin/../lib/gcc/arm-elf/4.0.2/thumb/interwork/libgcc.a(_divsi3.o)
 .debug_info    0x000000d4       0x6a /cygdrive/C/cygwin/GNUARM/bin/../lib/gcc/arm-elf/4.0.2/thumb/interwork/libgcc.a(_umodsi3.o)
 .debug_info    0x0000013e       0x6a /cygdrive/C/cygwin/GNUARM/bin/../lib/gcc/arm-elf/4.0.2/thumb/interwork/libgcc.a(_modsi3.o)
 .debug_info    0x000001a8       0x6a /cygdrive/C/cygwin/GNUARM/bin/../lib/gcc/arm-elf/4.0.2/thumb/interwork/libgcc.a(_dvmd_tls.o)
 .debug_info    0x00000212      0x20e /cygdrive/C/cygwin/GNUARM/bin/../lib/gcc/arm-elf/4.0.2/thumb/interwork/libgcc.a(_muldi3.o)
 .debug_info    0x00000420      0x758 /cygdrive/C/cygwin/GNUARM/bin/../lib/gcc/arm-elf/4.0.2/thumb/interwork/libgcc.a(_divdi3.o)
 .debug_info    0x00000b78       0xc9 /cygdrive/C/cygwin/GNUARM/bin/../lib/gcc/arm-elf/4.0.2/thumb/interwork/libgcc.a(_clz.o)
 .debug_info    0x00000c41      0x10d /cygdrive/C/cygwin/GNUARM/bin/../lib/gcc/arm-elf/4.0.2/../../../../arm-elf/lib/thumb/interwork/libc.a(memcpy.o)
 .debug_info    0x00000d4e      0x111 /cygdrive/C/cygwin/GNUARM/bin/../lib/gcc/arm-elf/4.0.2/../../../../arm-elf/lib/thumb/interwork/libc.a(memset.o)
 .debug_info    0x00000e5f       0xd9 /cygdrive/C/cygwin/GNUARM/bin/../lib/gcc/arm-elf/4.0.2/../../../../arm-elf/lib/thumb/interwork/libc.a(strcmp.o)
 .debug_info    0x00000f38      0x10c /cygdrive/C/cygwin/GNUARM/bin/../lib/gcc/arm-elf/4.0.2/../../../../arm-elf/lib/thumb/interwork/libc.a(strcpy.o)
 .debug_info    0x00001044       0xd5 /cygdrive/C/cygwin/GNUARM/bin/../lib/gcc/arm-elf/4.0.2/../../../../arm-elf/lib/thumb/interwork/libc.a(strlen.o)
 .debug_info    0x00001119      0x126 /cygdrive/C/cygwin/GNUARM/bin/../lib/gcc/arm-elf/4.0.2/../../../../arm-elf/lib/thumb/interwork/libc.a(strncpy.o)

.debug_abbrev   0x00000000      0x661
 .debug_abbrev  0x00000000       0x14 /cygdrive/C/cygwin/GNUARM/bin/../lib/gcc/arm-elf/4.0.2/thumb/interwork/libgcc.a(_udivsi3.o)
 .debug_abbrev  0x00000014       0x14 /cygdrive/C/cygwin/GNUARM/bin/../lib/gcc/arm-elf/4.0.2/thumb/interwork/libgcc.a(_divsi3.o)
 .debug_abbrev  0x00000028       0x14 /cygdrive/C/cygwin/GNUARM/bin/../lib/gcc/arm-elf/4.0.2/thumb/interwork/libgcc.a(_umodsi3.o)
 .debug_abbrev  0x0000003c       0x14 /cygdrive/C/cygwin/GNUARM/bin/../lib/gcc/arm-elf/4.0.2/thumb/interwork/libgcc.a(_modsi3.o)
 .debug_abbrev  0x00000050       0x14 /cygdrive/C/cygwin/GNUARM/bin/../lib/gcc/arm-elf/4.0.2/thumb/interwork/libgcc.a(_dvmd_tls.o)
 .debug_abbrev  0x00000064       0xec /cygdrive/C/cygwin/GNUARM/bin/../lib/gcc/arm-elf/4.0.2/thumb/interwork/libgcc.a(_muldi3.o)
 .debug_abbrev  0x00000150      0x174 /cygdrive/C/cygwin/GNUARM/bin/../lib/gcc/arm-elf/4.0.2/thumb/interwork/libgcc.a(_divdi3.o)
 .debug_abbrev  0x000002c4       0x61 /cygdrive/C/cygwin/GNUARM/bin/../lib/gcc/arm-elf/4.0.2/thumb/interwork/libgcc.a(_clz.o)
 .debug_abbrev  0x00000325       0x99 /cygdrive/C/cygwin/GNUARM/bin/../lib/gcc/arm-elf/4.0.2/../../../../arm-elf/lib/thumb/interwork/libc.a(memcpy.o)
 .debug_abbrev  0x000003be       0x9a /cygdrive/C/cygwin/GNUARM/bin/../lib/gcc/arm-elf/4.0.2/../../../../arm-elf/lib/thumb/interwork/libc.a(memset.o)
 .debug_abbrev  0x00000458       0x71 /cygdrive/C/cygwin/GNUARM/bin/../lib/gcc/arm-elf/4.0.2/../../../../arm-elf/lib/thumb/interwork/libc.a(strcmp.o)
 .debug_abbrev  0x000004c9       0x80 /cygdrive/C/cygwin/GNUARM/bin/../lib/gcc/arm-elf/4.0.2/../../../../arm-elf/lib/thumb/interwork/libc.a(strcpy.o)
 .debug_abbrev  0x00000549       0x8b /cygdrive/C/cygwin/GNUARM/bin/../lib/gcc/arm-elf/4.0.2/../../../../arm-elf/lib/thumb/interwork/libc.a(strlen.o)
 .debug_abbrev  0x000005d4       0x8d /cygdrive/C/cygwin/GNUARM/bin/../lib/gcc/arm-elf/4.0.2/../../../../arm-elf/lib/thumb/interwork/libc.a(strncpy.o)

.debug_aranges  0x00000000      0x1a0
 .debug_aranges
                0x00000000       0x20 /cygdrive/C/cygwin/GNUARM/bin/../lib/gcc/arm-elf/4.0.2/thumb/interwork/libgcc.a(_udivsi3.o)
 .debug_aranges
                0x00000020       0x20 /cygdrive/C/cygwin/GNUARM/bin/../lib/gcc/arm-elf/4.0.2/thumb/interwork/libgcc.a(_divsi3.o)
 .debug_aranges
                0x00000040       0x20 /cygdrive/C/cygwin/GNUARM/bin/../lib/gcc/arm-elf/4.0.2/thumb/interwork/libgcc.a(_umodsi3.o)
 .debug_aranges
                0x00000060       0x20 /cygdrive/C/cygwin/GNUARM/bin/../lib/gcc/arm-elf/4.0.2/thumb/interwork/libgcc.a(_modsi3.o)
 .debug_aranges
                0x00000080       0x20 /cygdrive/C/cygwin/GNUARM/bin/../lib/gcc/arm-elf/4.0.2/thumb/interwork/libgcc.a(_dvmd_tls.o)
 .debug_aranges
                0x000000a0       0x20 /cygdrive/C/cygwin/GNUARM/bin/../lib/gcc/arm-elf/4.0.2/thumb/interwork/libgcc.a(_muldi3.o)
 .debug_aranges
                0x000000c0       0x20 /cygdrive/C/cygwin/GNUARM/bin/../lib/gcc/arm-elf/4.0.2/thumb/interwork/libgcc.a(_divdi3.o)
 .debug_aranges
                0x000000e0       0x20 /cygdrive/C/cygwin/GNUARM/bin/../lib/gcc/arm-elf/4.0.2/../../../../arm-elf/lib/thumb/interwork/libc.a(memcpy.o)
 .debug_aranges
                0x00000100       0x20 /cygdrive/C/cygwin/GNUARM/bin/../lib/gcc/arm-elf/4.0.2/../../../../arm-elf/lib/thumb/interwork/libc.a(memset.o)
 .debug_aranges
                0x00000120       0x20 /cygdrive/C/cygwin/GNUARM/bin/../lib/gcc/arm-elf/4.0.2/../../../../arm-elf/lib/thumb/interwork/libc.a(strcmp.o)
 .debug_aranges
                0x00000140       0x20 /cygdrive/C/cygwin/GNUARM/bin/../lib/gcc/arm-elf/4.0.2/../../../../arm-elf/lib/thumb/interwork/libc.a(strcpy.o)
 .debug_aranges
                0x00000160       0x20 /cygdrive/C/cygwin/GNUARM/bin/../lib/gcc/arm-elf/4.0.2/../../../../arm-elf/lib/thumb/interwork/libc.a(strlen.o)
 .debug_aranges
                0x00000180       0x20 /cygdrive/C/cygwin/GNUARM/bin/../lib/gcc/arm-elf/4.0.2/../../../../arm-elf/lib/thumb/interwork/libc.a(strncpy.o)

.debug_frame    0x00000000      0x180
 .debug_frame   0x00000000       0x38 /cygdrive/C/cygwin/GNUARM/bin/../lib/gcc/arm-elf/4.0.2/thumb/interwork/libgcc.a(_muldi3.o)
 .debug_frame   0x00000038       0x3c /cygdrive/C/cygwin/GNUARM/bin/../lib/gcc/arm-elf/4.0.2/thumb/interwork/libgcc.a(_divdi3.o)
 .debug_frame   0x00000074       0x2c /cygdrive/C/cygwin/GNUARM/bin/../lib/gcc/arm-elf/4.0.2/../../../../arm-elf/lib/thumb/interwork/libc.a(memcpy.o)
 .debug_frame   0x000000a0       0x2c /cygdrive/C/cygwin/GNUARM/bin/../lib/gcc/arm-elf/4.0.2/../../../../arm-elf/lib/thumb/interwork/libc.a(memset.o)
 .debug_frame   0x000000cc       0x2c /cygdrive/C/cygwin/GNUARM/bin/../lib/gcc/arm-elf/4.0.2/../../../../arm-elf/lib/thumb/interwork/libc.a(strcmp.o)
 .debug_frame   0x000000f8       0x2c /cygdrive/C/cygwin/GNUARM/bin/../lib/gcc/arm-elf/4.0.2/../../../../arm-elf/lib/thumb/interwork/libc.a(strcpy.o)
 .debug_frame   0x00000124       0x2c /cygdrive/C/cygwin/GNUARM/bin/../lib/gcc/arm-elf/4.0.2/../../../../arm-elf/lib/thumb/interwork/libc.a(strlen.o)
 .debug_frame   0x00000150       0x30 /cygdrive/C/cygwin/GNUARM/bin/../lib/gcc/arm-elf/4.0.2/../../../../arm-elf/lib/thumb/interwork/libc.a(strncpy.o)

.debug_loc      0x00000000     0x13c0
 .debug_loc     0x00000000      0x156 /cygdrive/C/cygwin/GNUARM/bin/../lib/gcc/arm-elf/4.0.2/thumb/interwork/libgcc.a(_muldi3.o)
 .debug_loc     0x00000156      0xd45 /cygdrive/C/cygwin/GNUARM/bin/../lib/gcc/arm-elf/4.0.2/thumb/interwork/libgcc.a(_divdi3.o)
 .debug_loc     0x00000e9b      0x127 /cygdrive/C/cygwin/GNUARM/bin/../lib/gcc/arm-elf/4.0.2/../../../../arm-elf/lib/thumb/interwork/libc.a(memcpy.o)
 .debug_loc     0x00000fc2      0x12a /cygdrive/C/cygwin/GNUARM/bin/../lib/gcc/arm-elf/4.0.2/../../../../arm-elf/lib/thumb/interwork/libc.a(memset.o)
 .debug_loc     0x000010ec       0x8e /cygdrive/C/cygwin/GNUARM/bin/../lib/gcc/arm-elf/4.0.2/../../../../arm-elf/lib/thumb/interwork/libc.a(strcmp.o)
 .debug_loc     0x0000117a       0xb4 /cygdrive/C/cygwin/GNUARM/bin/../lib/gcc/arm-elf/4.0.2/../../../../arm-elf/lib/thumb/interwork/libc.a(strcpy.o)
 .debug_loc     0x0000122e       0x3c /cygdrive/C/cygwin/GNUARM/bin/../lib/gcc/arm-elf/4.0.2/../../../../arm-elf/lib/thumb/interwork/libc.a(strlen.o)
 .debug_loc     0x0000126a      0x156 /cygdrive/C/cygwin/GNUARM/bin/../lib/gcc/arm-elf/4.0.2/../../../../arm-elf/lib/thumb/interwork/libc.a(strncpy.o)

.debug_pubnames
                0x00000000      0x10d
 .debug_pubnames
                0x00000000       0x1f /cygdrive/C/cygwin/GNUARM/bin/../lib/gcc/arm-elf/4.0.2/thumb/interwork/libgcc.a(_muldi3.o)
 .debug_pubnames
                0x0000001f       0x1f /cygdrive/C/cygwin/GNUARM/bin/../lib/gcc/arm-elf/4.0.2/thumb/interwork/libgcc.a(_divdi3.o)
 .debug_pubnames
                0x0000003e       0x20 /cygdrive/C/cygwin/GNUARM/bin/../lib/gcc/arm-elf/4.0.2/thumb/interwork/libgcc.a(_clz.o)
 .debug_pubnames
                0x0000005e       0x1d /cygdrive/C/cygwin/GNUARM/bin/../lib/gcc/arm-elf/4.0.2/../../../../arm-elf/lib/thumb/interwork/libc.a(memcpy.o)
 .debug_pubnames
                0x0000007b       0x1d /cygdrive/C/cygwin/GNUARM/bin/../lib/gcc/arm-elf/4.0.2/../../../../arm-elf/lib/thumb/interwork/libc.a(memset.o)
 .debug_pubnames
                0x00000098       0x1d /cygdrive/C/cygwin/GNUARM/bin/../lib/gcc/arm-elf/4.0.2/../../../../arm-elf/lib/thumb/interwork/libc.a(strcmp.o)
 .debug_pubnames
                0x000000b5       0x1d /cygdrive/C/cygwin/GNUARM/bin/../lib/gcc/arm-elf/4.0.2/../../../../arm-elf/lib/thumb/interwork/libc.a(strcpy.o)
 .debug_pubnames
                0x000000d2       0x1d /cygdrive/C/cygwin/GNUARM/bin/../lib/gcc/arm-elf/4.0.2/../../../../arm-elf/lib/thumb/interwork/libc.a(strlen.o)
 .debug_pubnames
                0x000000ef       0x1e /cygdrive/C/cygwin/GNUARM/bin/../lib/gcc/arm-elf/4.0.2/../../../../arm-elf/lib/thumb/interwork/libc.a(strncpy.o)

.debug_ranges   0x00000000      0x1d8
 .debug_ranges  0x00000000       0x30 /cygdrive/C/cygwin/GNUARM/bin/../lib/gcc/arm-elf/4.0.2/thumb/interwork/libgcc.a(_muldi3.o)
 .debug_ranges  0x00000030      0x1a8 /cygdrive/C/cygwin/GNUARM/bin/../lib/gcc/arm-elf/4.0.2/thumb/interwork/libgcc.a(_divdi3.o)

.debug_str      0x00000000      0x38b
 .debug_str     0x00000000       0xfb /cygdrive/C/cygwin/GNUARM/bin/../lib/gcc/arm-elf/4.0.2/thumb/interwork/libgcc.a(_muldi3.o)
                                0x14f (size before relaxing)
 .debug_str     0x000000fb       0x5d /cygdrive/C/cygwin/GNUARM/bin/../lib/gcc/arm-elf/4.0.2/thumb/interwork/libgcc.a(_divdi3.o)
                                0x1a3 (size before relaxing)
 .debug_str     0x00000158        0x0 /cygdrive/C/cygwin/GNUARM/bin/../lib/gcc/arm-elf/4.0.2/thumb/interwork/libgcc.a(_clz.o)
                                0x104 (size before relaxing)
 .debug_str     0x00000158       0xb3 /cygdrive/C/cygwin/GNUARM/bin/../lib/gcc/arm-elf/4.0.2/../../../../arm-elf/lib/thumb/interwork/libc.a(memcpy.o)
                                 0xdf (size before relaxing)
 .debug_str     0x0000020b       0x5a /cygdrive/C/cygwin/GNUARM/bin/../lib/gcc/arm-elf/4.0.2/../../../../arm-elf/lib/thumb/interwork/libc.a(memset.o)
                                0x129 (size before relaxing)
 .debug_str     0x00000265       0x46 /cygdrive/C/cygwin/GNUARM/bin/../lib/gcc/arm-elf/4.0.2/../../../../arm-elf/lib/thumb/interwork/libc.a(strcmp.o)
                                0x10e (size before relaxing)
 .debug_str     0x000002ab       0x46 /cygdrive/C/cygwin/GNUARM/bin/../lib/gcc/arm-elf/4.0.2/../../../../arm-elf/lib/thumb/interwork/libc.a(strcpy.o)
                                0x130 (size before relaxing)
 .debug_str     0x000002f1       0x4c /cygdrive/C/cygwin/GNUARM/bin/../lib/gcc/arm-elf/4.0.2/../../../../arm-elf/lib/thumb/interwork/libc.a(strlen.o)
                                0x128 (size before relaxing)
 .debug_str     0x0000033d       0x4e /cygdrive/C/cygwin/GNUARM/bin/../lib/gcc/arm-elf/4.0.2/../../../../arm-elf/lib/thumb/interwork/libc.a(strncpy.o)
                                0x13f (size before relaxing)

Cross Reference Table

Symbol                                            File
ActivateTask                                      build/kernel/task_manage.o
                                                  build/./kernel_cfg.o
Avance                                            build/./kernel_cfg.o
Calibrar                                          build/./kernel_cfg.o
CancelAlarm                                       build/kernel/alarm.o
                                                  build/practica_1a.o
ChainTask                                         build/kernel/task_manage.o
                                                  build/practica_1a.o
ClearEvent                                        build/kernel/event.o
DisableAllInterrupts                              build/kernel/interrupt.o
EnableAllInterrupts                               build/kernel/interrupt.o
ErrorHook                                         ../ecrobot/../ecrobot/libecrobot.a(osek_hook.o)
                                                  build/kernel/osctl.o
Final                                             build/./kernel_cfg.o
                                                  build/practica_1a.o
GetActiveApplicationMode                          build/kernel/osctl.o
GetAlarm                                          build/kernel/alarm.o
GetAlarmBase                                      build/kernel/alarm.o
GetEvent                                          build/kernel/event.o
GetResource                                       build/kernel/resource.o
GetTaskID                                         build/kernel/task_manage.o
GetTaskState                                      build/kernel/task_manage.o
NXT_Entry_Point                                   build/nxt_entry_point.o
                                                  build/nxt_binary_header.o
PostTaskHook                                      ../ecrobot/../ecrobot/libecrobot.a(osek_hook.o)
                                                  build/config/at91sam7s-gnu/cpu_support.oram
                                                  build/kernel/osctl.o
PreTaskHook                                       ../ecrobot/../ecrobot/libecrobot.a(osek_hook.o)
                                                  build/config/at91sam7s-gnu/cpu_support.oram
                                                  build/kernel/osctl.o
ReleaseResource                                   build/kernel/resource.o
ResumeAllInterrupts                               build/kernel/interrupt.o
ResumeOSInterrupts                                build/kernel/interrupt.o
Schedule                                          build/kernel/task_manage.o
SetAbsAlarm                                       build/kernel/alarm.o
SetEvent                                          build/kernel/event.o
SetRelAlarm                                       build/kernel/alarm.o
ShutdownHook                                      ../ecrobot/../ecrobot/libecrobot.a(osek_hook.o)
                                                  build/kernel/osctl.o
ShutdownOS                                        build/kernel/osctl.o
SignalCounter                                     build/kernel/alarm.o
                                                  build/practica_1a.o
StartOS                                           build/kernel/osctl.o
                                                  build/ecrobot.o
StartupHook                                       ../ecrobot/../ecrobot/libecrobot.a(osek_hook.o)
                                                  build/kernel/osctl.o
SuspendAllInterrupts                              build/kernel/interrupt.o
SuspendOSInterrupts                               build/kernel/interrupt.o
TaskMainAvance                                    build/practica_1a.o
                                                  build/./kernel_cfg.o
TaskMainCalibrar                                  build/practica_1a.o
                                                  build/./kernel_cfg.o
TaskMainFinal                                     build/practica_1a.o
                                                  build/./kernel_cfg.o
TerminateTask                                     build/kernel/task_manage.o
                                                  build/practica_1a.o
WaitEvent                                         build/kernel/event.o
__aeabi_idiv0                                     /cygdrive/C/cygwin/GNUARM/bin/../lib/gcc/arm-elf/4.0.2/thumb/interwork/libgcc.a(_dvmd_tls.o)
__aeabi_idivmod                                   /cygdrive/C/cygwin/GNUARM/bin/../lib/gcc/arm-elf/4.0.2/thumb/interwork/libgcc.a(_divsi3.o)
__aeabi_ldiv0                                     /cygdrive/C/cygwin/GNUARM/bin/../lib/gcc/arm-elf/4.0.2/thumb/interwork/libgcc.a(_dvmd_tls.o)
__aeabi_uidivmod                                  /cygdrive/C/cygwin/GNUARM/bin/../lib/gcc/arm-elf/4.0.2/thumb/interwork/libgcc.a(_udivsi3.o)
__bss_end__                                       build/ecrobot_init.o
__bss_start__                                     build/ecrobot_init.o
__call_posttaskhook_from_arm                      /cygdrive/C/cygwin/GNUARM/bin/../lib/gcc/arm-elf/4.0.2/../../../../arm-elf/lib/thumb/interwork/libc.a(strncpy.o)
__call_pretaskhook_from_arm                       /cygdrive/C/cygwin/GNUARM/bin/../lib/gcc/arm-elf/4.0.2/../../../../arm-elf/lib/thumb/interwork/libc.a(strncpy.o)
__clz_tab                                         /cygdrive/C/cygwin/GNUARM/bin/../lib/gcc/arm-elf/4.0.2/thumb/interwork/libgcc.a(_clz.o)
                                                  /cygdrive/C/cygwin/GNUARM/bin/../lib/gcc/arm-elf/4.0.2/thumb/interwork/libgcc.a(_divdi3.o)
__ctor_begin                                      build/ecrobot_base.o
__ctor_end                                        build/ecrobot_base.o
__data_load_end__                                 build/ecrobot_init.o
__data_load_start__                               build/ecrobot_init.o
__data_ram_start__                                build/ecrobot_init.o
__disable_int_change_to_arm                       /cygdrive/C/cygwin/GNUARM/bin/../lib/gcc/arm-elf/4.0.2/../../../../arm-elf/lib/thumb/interwork/libc.a(strncpy.o)
__disable_int_from_thumb                          /cygdrive/C/cygwin/GNUARM/bin/../lib/gcc/arm-elf/4.0.2/../../../../arm-elf/lib/thumb/interwork/libc.a(strncpy.o)
__dispatch_change_to_arm                          /cygdrive/C/cygwin/GNUARM/bin/../lib/gcc/arm-elf/4.0.2/../../../../arm-elf/lib/thumb/interwork/libc.a(strncpy.o)
__dispatch_from_thumb                             /cygdrive/C/cygwin/GNUARM/bin/../lib/gcc/arm-elf/4.0.2/../../../../arm-elf/lib/thumb/interwork/libc.a(strncpy.o)
__display_bios_status_change_to_arm               /cygdrive/C/cygwin/GNUARM/bin/../lib/gcc/arm-elf/4.0.2/../../../../arm-elf/lib/thumb/interwork/libc.a(strncpy.o)
__display_bios_status_from_thumb                  /cygdrive/C/cygwin/GNUARM/bin/../lib/gcc/arm-elf/4.0.2/../../../../arm-elf/lib/thumb/interwork/libc.a(strncpy.o)
__div0                                            /cygdrive/C/cygwin/GNUARM/bin/../lib/gcc/arm-elf/4.0.2/thumb/interwork/libgcc.a(_dvmd_tls.o)
                                                  /cygdrive/C/cygwin/GNUARM/bin/../lib/gcc/arm-elf/4.0.2/thumb/interwork/libgcc.a(_modsi3.o)
                                                  /cygdrive/C/cygwin/GNUARM/bin/../lib/gcc/arm-elf/4.0.2/thumb/interwork/libgcc.a(_umodsi3.o)
                                                  /cygdrive/C/cygwin/GNUARM/bin/../lib/gcc/arm-elf/4.0.2/thumb/interwork/libgcc.a(_divsi3.o)
                                                  /cygdrive/C/cygwin/GNUARM/bin/../lib/gcc/arm-elf/4.0.2/thumb/interwork/libgcc.a(_udivsi3.o)
__divdi3                                          /cygdrive/C/cygwin/GNUARM/bin/../lib/gcc/arm-elf/4.0.2/thumb/interwork/libgcc.a(_divdi3.o)
                                                  ../ecrobot/../ecrobot/libecrobot.a(sound.oram)
__divsi3                                          /cygdrive/C/cygwin/GNUARM/bin/../lib/gcc/arm-elf/4.0.2/thumb/interwork/libgcc.a(_divsi3.o)
                                                  ../ecrobot/../ecrobot/libecrobot.a(sound.oram)
                                                  ../ecrobot/../ecrobot/libecrobot.a(uart.oram)
__dtor_begin                                      build/ecrobot_base.o
__dtor_end                                        build/ecrobot_base.o
__ecrobot_debug1_from_arm                         /cygdrive/C/cygwin/GNUARM/bin/../lib/gcc/arm-elf/4.0.2/../../../../arm-elf/lib/thumb/interwork/libc.a(strncpy.o)
__ecrobot_debug2_from_arm                         /cygdrive/C/cygwin/GNUARM/bin/../lib/gcc/arm-elf/4.0.2/../../../../arm-elf/lib/thumb/interwork/libc.a(strncpy.o)
__enable_int_change_to_arm                        /cygdrive/C/cygwin/GNUARM/bin/../lib/gcc/arm-elf/4.0.2/../../../../arm-elf/lib/thumb/interwork/libc.a(strncpy.o)
__enable_int_from_thumb                           /cygdrive/C/cygwin/GNUARM/bin/../lib/gcc/arm-elf/4.0.2/../../../../arm-elf/lib/thumb/interwork/libc.a(strncpy.o)
__exit_and_dispatch_change_to_arm                 /cygdrive/C/cygwin/GNUARM/bin/../lib/gcc/arm-elf/4.0.2/../../../../arm-elf/lib/thumb/interwork/libc.a(strncpy.o)
__exit_and_dispatch_from_thumb                    /cygdrive/C/cygwin/GNUARM/bin/../lib/gcc/arm-elf/4.0.2/../../../../arm-elf/lib/thumb/interwork/libc.a(strncpy.o)
__interrupts_enable_change_to_arm                 /cygdrive/C/cygwin/GNUARM/bin/../lib/gcc/arm-elf/4.0.2/../../../../arm-elf/lib/thumb/interwork/libc.a(strncpy.o)
__interrupts_enable_from_thumb                    /cygdrive/C/cygwin/GNUARM/bin/../lib/gcc/arm-elf/4.0.2/../../../../arm-elf/lib/thumb/interwork/libc.a(strncpy.o)
__interrupts_get_and_disable_change_to_arm        /cygdrive/C/cygwin/GNUARM/bin/../lib/gcc/arm-elf/4.0.2/../../../../arm-elf/lib/thumb/interwork/libc.a(strncpy.o)
__interrupts_get_and_disable_from_thumb           /cygdrive/C/cygwin/GNUARM/bin/../lib/gcc/arm-elf/4.0.2/../../../../arm-elf/lib/thumb/interwork/libc.a(strncpy.o)
__irq_stack__                                     build/ecrobot_init.o
__modsi3                                          /cygdrive/C/cygwin/GNUARM/bin/../lib/gcc/arm-elf/4.0.2/thumb/interwork/libgcc.a(_modsi3.o)
                                                  ../ecrobot/../ecrobot/libecrobot.a(sound.oram)
__muldi3                                          /cygdrive/C/cygwin/GNUARM/bin/../lib/gcc/arm-elf/4.0.2/thumb/interwork/libgcc.a(_muldi3.o)
                                                  ../ecrobot/../ecrobot/libecrobot.a(sound.oram)
__ramtext_load_end__                              build/ecrobot_init.o
__ramtext_load_start__                            build/ecrobot_init.o
__ramtext_ram_start__                             build/ecrobot_init.o
__stack_end__                                     build/ecrobot_init.o
__stack_start__                                   build/ecrobot_init.o
__start_change_to_arm                             /cygdrive/C/cygwin/GNUARM/bin/../lib/gcc/arm-elf/4.0.2/../../../../arm-elf/lib/thumb/interwork/libc.a(strncpy.o)
__start_dispatch_change_to_arm                    /cygdrive/C/cygwin/GNUARM/bin/../lib/gcc/arm-elf/4.0.2/../../../../arm-elf/lib/thumb/interwork/libc.a(strncpy.o)
__start_dispatch_from_thumb                       /cygdrive/C/cygwin/GNUARM/bin/../lib/gcc/arm-elf/4.0.2/../../../../arm-elf/lib/thumb/interwork/libc.a(strncpy.o)
__start_from_thumb                                /cygdrive/C/cygwin/GNUARM/bin/../lib/gcc/arm-elf/4.0.2/../../../../arm-elf/lib/thumb/interwork/libc.a(strncpy.o)
__system_stack__                                  build/config/at91sam7s-gnu/cpu_support.oram
                                                  build/ecrobot_init.o
__udivsi3                                         /cygdrive/C/cygwin/GNUARM/bin/../lib/gcc/arm-elf/4.0.2/thumb/interwork/libgcc.a(_udivsi3.o)
                                                  /cygdrive/C/cygwin/GNUARM/bin/../lib/gcc/arm-elf/4.0.2/thumb/interwork/libgcc.a(_divdi3.o)
                                                  ../ecrobot/../ecrobot/libecrobot.a(sound.oram)
                                                  ../ecrobot/../ecrobot/libecrobot.a(display.oram)
                                                  ../ecrobot/../ecrobot/libecrobot.a(ecrobot_interface.o)
                                                  build/ecrobot_base.o
__umodsi3                                         /cygdrive/C/cygwin/GNUARM/bin/../lib/gcc/arm-elf/4.0.2/thumb/interwork/libgcc.a(_umodsi3.o)
                                                  /cygdrive/C/cygwin/GNUARM/bin/../lib/gcc/arm-elf/4.0.2/thumb/interwork/libgcc.a(_divdi3.o)
                                                  ../ecrobot/../ecrobot/libecrobot.a(display.oram)
__vectors_load_end__                              build/ecrobot_init.o
__vectors_load_start__                            build/ecrobot_init.o
__vectors_ram_start__                             build/ecrobot_init.o
_errorhook_par1                                   build/kernel/task_manage.o
                                                  build/kernel/resource.o
                                                  build/kernel/osctl.o
                                                  build/kernel/event.o
                                                  build/kernel/alarm.o
_errorhook_par2                                   build/kernel/task_manage.o
                                                  build/kernel/osctl.o
                                                  build/kernel/event.o
                                                  build/kernel/alarm.o
_errorhook_par3                                   build/kernel/osctl.o
                                                  build/kernel/alarm.o
_errorhook_svcid                                  build/kernel/osctl.o
_interrupt                                        build/config/at91sam7s-gnu/cpu_support.oram
                                                  build/config/at91sam7s-gnu/irq.oram
_sbrk_r                                           build/syscalls.o
activate_r                                        build/config/at91sam7s-gnu/cpu_support.oram
                                                  build/kernel/task.o
add_status_info                                   build/ecrobot_base.o
                                                  build/ecrobot.o
                                                  build/ecrobot_bluetooth.o
aic_clear                                         ../ecrobot/../ecrobot/libecrobot.a(aic.oram)
                                                  ../ecrobot/../ecrobot/libecrobot.a(bt.oram)
                                                  ../ecrobot/../ecrobot/libecrobot.a(sound.oram)
aic_initialise                                    ../ecrobot/../ecrobot/libecrobot.a(aic.oram)
                                                  ../ecrobot/../ecrobot/libecrobot.a(flash_loader.oram)
aic_mask_off                                      ../ecrobot/../ecrobot/libecrobot.a(aic.oram)
                                                  ../ecrobot/../ecrobot/libecrobot.a(bt.oram)
                                                  ../ecrobot/../ecrobot/libecrobot.a(i2c.oram)
                                                  ../ecrobot/../ecrobot/libecrobot.a(nxt_motors.oram)
                                                  ../ecrobot/../ecrobot/libecrobot.a(nxt_spi.oram)
                                                  ../ecrobot/../ecrobot/libecrobot.a(twi.oram)
                                                  ../ecrobot/../ecrobot/libecrobot.a(udp.oram)
                                                  ../ecrobot/../ecrobot/libecrobot.a(systick.oram)
                                                  ../ecrobot/../ecrobot/libecrobot.a(uart.oram)
aic_mask_on                                       ../ecrobot/../ecrobot/libecrobot.a(aic.oram)
                                                  ../ecrobot/../ecrobot/libecrobot.a(sound.oram)
                                                  ../ecrobot/../ecrobot/libecrobot.a(i2c.oram)
                                                  ../ecrobot/../ecrobot/libecrobot.a(nxt_motors.oram)
                                                  ../ecrobot/../ecrobot/libecrobot.a(nxt_spi.oram)
                                                  ../ecrobot/../ecrobot/libecrobot.a(twi.oram)
                                                  ../ecrobot/../ecrobot/libecrobot.a(udp.oram)
                                                  ../ecrobot/../ecrobot/libecrobot.a(systick.oram)
                                                  ../ecrobot/../ecrobot/libecrobot.a(uart.oram)
aic_set_vector                                    ../ecrobot/../ecrobot/libecrobot.a(aic.oram)
                                                  ../ecrobot/../ecrobot/libecrobot.a(sound.oram)
                                                  ../ecrobot/../ecrobot/libecrobot.a(i2c.oram)
                                                  ../ecrobot/../ecrobot/libecrobot.a(nxt_motors.oram)
                                                  ../ecrobot/../ecrobot/libecrobot.a(nxt_spi.oram)
                                                  ../ecrobot/../ecrobot/libecrobot.a(twi.oram)
                                                  ../ecrobot/../ecrobot/libecrobot.a(udp.oram)
                                                  ../ecrobot/../ecrobot/libecrobot.a(systick.oram)
                                                  ../ecrobot/../ecrobot/libecrobot.a(uart.oram)
alarm_initialize                                  build/kernel/alarm.o
                                                  build/./kernel_cfg.o
alarma                                            build/./kernel_cfg.o
                                                  build/practica_1a.o
almcb_almval                                      build/./kernel_cfg.o
                                                  build/kernel/alarm.o
almcb_cycle                                       build/./kernel_cfg.o
                                                  build/kernel/alarm.o
almcb_next                                        build/./kernel_cfg.o
                                                  build/kernel/alarm.o
almcb_prev                                        build/./kernel_cfg.o
                                                  build/kernel/alarm.o
alminib_almval                                    build/./kernel_cfg.o
                                                  build/kernel/alarm.o
alminib_autosta                                   build/./kernel_cfg.o
                                                  build/kernel/alarm.o
alminib_cback                                     build/./kernel_cfg.o
                                                  build/kernel/alarm.o
alminib_cntid                                     build/./kernel_cfg.o
                                                  build/kernel/alarm.o
alminib_cycle                                     build/./kernel_cfg.o
                                                  build/kernel/alarm.o
appmode                                           build/kernel/task.o
                                                  build/kernel/osctl.o
                                                  build/kernel/alarm.o
avr_brainwash_string                              ../ecrobot/../ecrobot/libecrobot.a(nxt_avr.oram)
battery_voltage                                   ../ecrobot/../ecrobot/libecrobot.a(nxt_avr.oram)
                                                  ../ecrobot/../ecrobot/libecrobot.a(ecrobot_interface.o)
bt_clear_arm7_cmd                                 ../ecrobot/../ecrobot/libecrobot.a(bt.oram)
                                                  build/ecrobot_bluetooth.o
bt_get_mode                                       ../ecrobot/../ecrobot/libecrobot.a(bt.oram)
bt_init                                           ../ecrobot/../ecrobot/libecrobot.a(bt.oram)
                                                  ../ecrobot/../ecrobot/libecrobot.a(flash_loader.oram)
bt_pending                                        ../ecrobot/../ecrobot/libecrobot.a(bt.oram)
                                                  build/ecrobot_bluetooth.o
bt_read                                           ../ecrobot/../ecrobot/libecrobot.a(bt.oram)
bt_receive                                        ../ecrobot/../ecrobot/libecrobot.a(bt.oram)
                                                  build/ecrobot_bluetooth.o
bt_reset                                          ../ecrobot/../ecrobot/libecrobot.a(bt.oram)
                                                  build/ecrobot_bluetooth.o
bt_send                                           ../ecrobot/../ecrobot/libecrobot.a(bt.oram)
                                                  build/ecrobot_bluetooth.o
bt_set_arm7_cmd                                   ../ecrobot/../ecrobot/libecrobot.a(bt.oram)
                                                  build/ecrobot_bluetooth.o
bt_set_reset_high                                 ../ecrobot/../ecrobot/libecrobot.a(bt.oram)
bt_set_reset_low                                  ../ecrobot/../ecrobot/libecrobot.a(bt.oram)
bt_start_ad_converter                             ../ecrobot/../ecrobot/libecrobot.a(bt.oram)
bt_write                                          ../ecrobot/../ecrobot/libecrobot.a(bt.oram)
                                                  build/ecrobot_bluetooth.o
buttons_get                                       ../ecrobot/../ecrobot/libecrobot.a(nxt_avr.oram)
                                                  ../ecrobot/../ecrobot/libecrobot.a(flash_loader.oram)
                                                  ../ecrobot/../ecrobot/libecrobot.a(sensors.oram)
                                                  ../ecrobot/../ecrobot/libecrobot.a(ecrobot_interface.o)
byte_fifo_clear                                   ../ecrobot/../ecrobot/libecrobot.a(byte_fifo.oram)
byte_fifo_get                                     ../ecrobot/../ecrobot/libecrobot.a(byte_fifo.oram)
                                                  ../ecrobot/../ecrobot/libecrobot.a(uart.oram)
byte_fifo_init                                    ../ecrobot/../ecrobot/libecrobot.a(byte_fifo.oram)
                                                  ../ecrobot/../ecrobot/libecrobot.a(uart.oram)
byte_fifo_put                                     ../ecrobot/../ecrobot/libecrobot.a(byte_fifo.oram)
                                                  ../ecrobot/../ecrobot/libecrobot.a(uart.oram)
call_errorhook                                    build/kernel/osctl.o
                                                  build/kernel/task_manage.o
                                                  build/kernel/resource.o
                                                  build/kernel/event.o
                                                  build/kernel/alarm.o
call_posttaskhook                                 build/kernel/osctl.o
                                                  build/config/at91sam7s-gnu/cpu_support.oram
call_pretaskhook                                  build/kernel/osctl.o
                                                  build/config/at91sam7s-gnu/cpu_support.oram
callevel                                          build/config/at91sam7s-gnu/cpu_support.oram
                                                  build/kernel/task_manage.o
                                                  build/kernel/resource.o
                                                  build/kernel/osctl.o
                                                  build/kernel/interrupt.o
                                                  build/kernel/event.o
                                                  build/kernel/alarm.o
check_NXT_buttons                                 build/ecrobot_base.o
                                                  build/syslib/at91sam7s-gnu/lego_nxt/hw_sys_timer.oram
check_for_data                                    ../ecrobot/../ecrobot/libecrobot.a(sensors.oram)
clear_flash_request                               ../ecrobot/../ecrobot/libecrobot.a(flash_loader.oram)
cntcb_almque                                      build/./kernel_cfg.o
                                                  build/kernel/alarm.o
cntcb_curval                                      build/./kernel_cfg.o
                                                  build/kernel/alarm.o
cntinib_maxval                                    build/./kernel_cfg.o
                                                  build/kernel/alarm.o
cntinib_maxval2                                   build/./kernel_cfg.o
                                                  build/kernel/alarm.o
cntinib_mincyc                                    build/./kernel_cfg.o
                                                  build/kernel/alarm.o
cntinib_tickbase                                  build/./kernel_cfg.o
                                                  build/kernel/alarm.o
contador                                          build/./kernel_cfg.o
                                                  build/practica_1a.o
cpp_constructor                                   build/ecrobot_base.o
                                                  build/ecrobot.o
cpp_destructor                                    build/ecrobot_base.o
cpu_initialize                                    build/config/at91sam7s-gnu/cpu_config.o
                                                  build/kernel/osctl.o
cpu_terminate                                     build/config/at91sam7s-gnu/cpu_config.o
                                                  build/kernel/osctl.o
data                                              ../ecrobot/../ecrobot/libecrobot.a(nxt_spi.oram)
data_abort_C                                      ../ecrobot/../ecrobot/libecrobot.a(data_abort.oram)
                                                  build/ecrobot_init.o
data_abort_handler                                build/ecrobot_init.o
                                                  build/nxtvm/platform/nxt/vectors.o
                                                  build/nxtvm/platform/nxt/vectors.o
data_abort_pc                                     ../ecrobot/../ecrobot/libecrobot.a(data_abort.oram)
                                                  build/ecrobot_init.o
debug1                                            build/config/at91sam7s-gnu/debug.o
debug2                                            build/config/at91sam7s-gnu/debug.o
default_fiq                                       build/config/at91sam7s-gnu/irq.oram
                                                  ../ecrobot/../ecrobot/libecrobot.a(aic.oram)
default_isr                                       build/config/at91sam7s-gnu/irq.oram